Archive member included to satisfy reference by file (symbol)

/opt/homebrew/Cellar/arm-none-eabi-gcc/10.3-2021.10/gcc/bin/../lib/gcc/arm-none-eabi/10.3.1/../../../../arm-none-eabi/lib/thumb/v6-m/nofp/libc_nano.a(lib_a-exit.o)
                              /opt/homebrew/Cellar/arm-none-eabi-gcc/10.3-2021.10/gcc/bin/../lib/gcc/arm-none-eabi/10.3.1/../../../../arm-none-eabi/lib/thumb/v6-m/nofp/crt0.o (exit)
/opt/homebrew/Cellar/arm-none-eabi-gcc/10.3-2021.10/gcc/bin/../lib/gcc/arm-none-eabi/10.3.1/../../../../arm-none-eabi/lib/thumb/v6-m/nofp/libc_nano.a(lib_a-impure.o)
                              /opt/homebrew/Cellar/arm-none-eabi-gcc/10.3-2021.10/gcc/bin/../lib/gcc/arm-none-eabi/10.3.1/../../../../arm-none-eabi/lib/thumb/v6-m/nofp/libc_nano.a(lib_a-exit.o) (_global_impure_ptr)
/opt/homebrew/Cellar/arm-none-eabi-gcc/10.3-2021.10/gcc/bin/../lib/gcc/arm-none-eabi/10.3.1/../../../../arm-none-eabi/lib/thumb/v6-m/nofp/libc_nano.a(lib_a-init.o)
                              /opt/homebrew/Cellar/arm-none-eabi-gcc/10.3-2021.10/gcc/bin/../lib/gcc/arm-none-eabi/10.3.1/../../../../arm-none-eabi/lib/thumb/v6-m/nofp/crt0.o (__libc_init_array)
/opt/homebrew/Cellar/arm-none-eabi-gcc/10.3-2021.10/gcc/bin/../lib/gcc/arm-none-eabi/10.3.1/../../../../arm-none-eabi/lib/thumb/v6-m/nofp/libc_nano.a(lib_a-memset.o)
                              /opt/homebrew/Cellar/arm-none-eabi-gcc/10.3-2021.10/gcc/bin/../lib/gcc/arm-none-eabi/10.3.1/../../../../arm-none-eabi/lib/thumb/v6-m/nofp/crt0.o (memset)
/opt/homebrew/Cellar/arm-none-eabi-gcc/10.3-2021.10/gcc/bin/../lib/gcc/arm-none-eabi/10.3.1/thumb/v6-m/nofp/libgcc.a(_udivsi3.o)
                              ./Build/Libraries/PY32F002B_HAL_Driver/Src/py32f002b_hal_uart.o (__aeabi_uidiv)
/opt/homebrew/Cellar/arm-none-eabi-gcc/10.3-2021.10/gcc/bin/../lib/gcc/arm-none-eabi/10.3.1/thumb/v6-m/nofp/libgcc.a(_dvmd_tls.o)
                              /opt/homebrew/Cellar/arm-none-eabi-gcc/10.3-2021.10/gcc/bin/../lib/gcc/arm-none-eabi/10.3.1/thumb/v6-m/nofp/libgcc.a(_udivsi3.o) (__aeabi_idiv0)
/opt/homebrew/Cellar/arm-none-eabi-gcc/10.3-2021.10/gcc/bin/../lib/gcc/arm-none-eabi/10.3.1/../../../../arm-none-eabi/lib/thumb/v6-m/nofp/libc_nano.a(lib_a-errno.o)
                              ./Build/Libraries/PY32F002B_HAL_BSP/Src/py32f002b_bsp_printf.o (__errno)
/opt/homebrew/Cellar/arm-none-eabi-gcc/10.3-2021.10/gcc/bin/../lib/gcc/arm-none-eabi/10.3.1/../../../../arm-none-eabi/lib/thumb/v6-m/nofp/libnosys.a(_exit.o)
                              /opt/homebrew/Cellar/arm-none-eabi-gcc/10.3-2021.10/gcc/bin/../lib/gcc/arm-none-eabi/10.3.1/../../../../arm-none-eabi/lib/thumb/v6-m/nofp/libc_nano.a(lib_a-exit.o) (_exit)

Discarded input sections

 .text          0x0000000000000000        0x0 /opt/homebrew/Cellar/arm-none-eabi-gcc/10.3-2021.10/gcc/bin/../lib/gcc/arm-none-eabi/10.3.1/thumb/v6-m/nofp/crti.o
 .data          0x0000000000000000        0x0 /opt/homebrew/Cellar/arm-none-eabi-gcc/10.3-2021.10/gcc/bin/../lib/gcc/arm-none-eabi/10.3.1/thumb/v6-m/nofp/crti.o
 .bss           0x0000000000000000        0x0 /opt/homebrew/Cellar/arm-none-eabi-gcc/10.3-2021.10/gcc/bin/../lib/gcc/arm-none-eabi/10.3.1/thumb/v6-m/nofp/crti.o
 .data          0x0000000000000000        0x4 /opt/homebrew/Cellar/arm-none-eabi-gcc/10.3-2021.10/gcc/bin/../lib/gcc/arm-none-eabi/10.3.1/thumb/v6-m/nofp/crtbegin.o
 .rodata        0x0000000000000000       0x24 /opt/homebrew/Cellar/arm-none-eabi-gcc/10.3-2021.10/gcc/bin/../lib/gcc/arm-none-eabi/10.3.1/thumb/v6-m/nofp/crtbegin.o
 .text          0x0000000000000000       0x80 /opt/homebrew/Cellar/arm-none-eabi-gcc/10.3-2021.10/gcc/bin/../lib/gcc/arm-none-eabi/10.3.1/../../../../arm-none-eabi/lib/thumb/v6-m/nofp/crt0.o
 .data          0x0000000000000000        0x0 /opt/homebrew/Cellar/arm-none-eabi-gcc/10.3-2021.10/gcc/bin/../lib/gcc/arm-none-eabi/10.3.1/../../../../arm-none-eabi/lib/thumb/v6-m/nofp/crt0.o
 .bss           0x0000000000000000        0x0 /opt/homebrew/Cellar/arm-none-eabi-gcc/10.3-2021.10/gcc/bin/../lib/gcc/arm-none-eabi/10.3.1/../../../../arm-none-eabi/lib/thumb/v6-m/nofp/crt0.o
 .ARM.extab     0x0000000000000000        0x0 /opt/homebrew/Cellar/arm-none-eabi-gcc/10.3-2021.10/gcc/bin/../lib/gcc/arm-none-eabi/10.3.1/../../../../arm-none-eabi/lib/thumb/v6-m/nofp/crt0.o
 .ARM.exidx     0x0000000000000000       0x10 /opt/homebrew/Cellar/arm-none-eabi-gcc/10.3-2021.10/gcc/bin/../lib/gcc/arm-none-eabi/10.3.1/../../../../arm-none-eabi/lib/thumb/v6-m/nofp/crt0.o
 .ARM.attributes
                0x0000000000000000       0x1b /opt/homebrew/Cellar/arm-none-eabi-gcc/10.3-2021.10/gcc/bin/../lib/gcc/arm-none-eabi/10.3.1/../../../../arm-none-eabi/lib/thumb/v6-m/nofp/crt0.o
 .text          0x0000000000000000        0x0 /opt/homebrew/Cellar/arm-none-eabi-gcc/10.3-2021.10/gcc/bin/../lib/gcc/arm-none-eabi/10.3.1/../../../../arm-none-eabi/lib/thumb/v6-m/nofp/libc_nano.a(lib_a-exit.o)
 .data          0x0000000000000000        0x0 /opt/homebrew/Cellar/arm-none-eabi-gcc/10.3-2021.10/gcc/bin/../lib/gcc/arm-none-eabi/10.3.1/../../../../arm-none-eabi/lib/thumb/v6-m/nofp/libc_nano.a(lib_a-exit.o)
 .bss           0x0000000000000000        0x0 /opt/homebrew/Cellar/arm-none-eabi-gcc/10.3-2021.10/gcc/bin/../lib/gcc/arm-none-eabi/10.3.1/../../../../arm-none-eabi/lib/thumb/v6-m/nofp/libc_nano.a(lib_a-exit.o)
 .text.exit     0x0000000000000000       0x2c /opt/homebrew/Cellar/arm-none-eabi-gcc/10.3-2021.10/gcc/bin/../lib/gcc/arm-none-eabi/10.3.1/../../../../arm-none-eabi/lib/thumb/v6-m/nofp/libc_nano.a(lib_a-exit.o)
 .debug_frame   0x0000000000000000       0x28 /opt/homebrew/Cellar/arm-none-eabi-gcc/10.3-2021.10/gcc/bin/../lib/gcc/arm-none-eabi/10.3.1/../../../../arm-none-eabi/lib/thumb/v6-m/nofp/libc_nano.a(lib_a-exit.o)
 .ARM.attributes
                0x0000000000000000       0x2c /opt/homebrew/Cellar/arm-none-eabi-gcc/10.3-2021.10/gcc/bin/../lib/gcc/arm-none-eabi/10.3.1/../../../../arm-none-eabi/lib/thumb/v6-m/nofp/libc_nano.a(lib_a-exit.o)
 .text          0x0000000000000000        0x0 /opt/homebrew/Cellar/arm-none-eabi-gcc/10.3-2021.10/gcc/bin/../lib/gcc/arm-none-eabi/10.3.1/../../../../arm-none-eabi/lib/thumb/v6-m/nofp/libc_nano.a(lib_a-impure.o)
 .data          0x0000000000000000        0x0 /opt/homebrew/Cellar/arm-none-eabi-gcc/10.3-2021.10/gcc/bin/../lib/gcc/arm-none-eabi/10.3.1/../../../../arm-none-eabi/lib/thumb/v6-m/nofp/libc_nano.a(lib_a-impure.o)
 .bss           0x0000000000000000        0x0 /opt/homebrew/Cellar/arm-none-eabi-gcc/10.3-2021.10/gcc/bin/../lib/gcc/arm-none-eabi/10.3.1/../../../../arm-none-eabi/lib/thumb/v6-m/nofp/libc_nano.a(lib_a-impure.o)
 .data._impure_ptr
                0x0000000000000000        0x4 /opt/homebrew/Cellar/arm-none-eabi-gcc/10.3-2021.10/gcc/bin/../lib/gcc/arm-none-eabi/10.3.1/../../../../arm-none-eabi/lib/thumb/v6-m/nofp/libc_nano.a(lib_a-impure.o)
 .data.impure_data
                0x0000000000000000       0x60 /opt/homebrew/Cellar/arm-none-eabi-gcc/10.3-2021.10/gcc/bin/../lib/gcc/arm-none-eabi/10.3.1/../../../../arm-none-eabi/lib/thumb/v6-m/nofp/libc_nano.a(lib_a-impure.o)
 .rodata._global_impure_ptr
                0x0000000000000000        0x4 /opt/homebrew/Cellar/arm-none-eabi-gcc/10.3-2021.10/gcc/bin/../lib/gcc/arm-none-eabi/10.3.1/../../../../arm-none-eabi/lib/thumb/v6-m/nofp/libc_nano.a(lib_a-impure.o)
 .ARM.attributes
                0x0000000000000000       0x2c /opt/homebrew/Cellar/arm-none-eabi-gcc/10.3-2021.10/gcc/bin/../lib/gcc/arm-none-eabi/10.3.1/../../../../arm-none-eabi/lib/thumb/v6-m/nofp/libc_nano.a(lib_a-impure.o)
 .text          0x0000000000000000        0x0 /opt/homebrew/Cellar/arm-none-eabi-gcc/10.3-2021.10/gcc/bin/../lib/gcc/arm-none-eabi/10.3.1/../../../../arm-none-eabi/lib/thumb/v6-m/nofp/libc_nano.a(lib_a-init.o)
 .data          0x0000000000000000        0x0 /opt/homebrew/Cellar/arm-none-eabi-gcc/10.3-2021.10/gcc/bin/../lib/gcc/arm-none-eabi/10.3.1/../../../../arm-none-eabi/lib/thumb/v6-m/nofp/libc_nano.a(lib_a-init.o)
 .bss           0x0000000000000000        0x0 /opt/homebrew/Cellar/arm-none-eabi-gcc/10.3-2021.10/gcc/bin/../lib/gcc/arm-none-eabi/10.3.1/../../../../arm-none-eabi/lib/thumb/v6-m/nofp/libc_nano.a(lib_a-init.o)
 .text          0x0000000000000000        0x0 /opt/homebrew/Cellar/arm-none-eabi-gcc/10.3-2021.10/gcc/bin/../lib/gcc/arm-none-eabi/10.3.1/../../../../arm-none-eabi/lib/thumb/v6-m/nofp/libc_nano.a(lib_a-memset.o)
 .data          0x0000000000000000        0x0 /opt/homebrew/Cellar/arm-none-eabi-gcc/10.3-2021.10/gcc/bin/../lib/gcc/arm-none-eabi/10.3.1/../../../../arm-none-eabi/lib/thumb/v6-m/nofp/libc_nano.a(lib_a-memset.o)
 .bss           0x0000000000000000        0x0 /opt/homebrew/Cellar/arm-none-eabi-gcc/10.3-2021.10/gcc/bin/../lib/gcc/arm-none-eabi/10.3.1/../../../../arm-none-eabi/lib/thumb/v6-m/nofp/libc_nano.a(lib_a-memset.o)
 .text          0x0000000000000000        0x0 ./Build/User/py32f002b_hal_msp.o
 .data          0x0000000000000000        0x0 ./Build/User/py32f002b_hal_msp.o
 .bss           0x0000000000000000        0x0 ./Build/User/py32f002b_hal_msp.o
 .text          0x0000000000000000        0x0 ./Build/User/py32f002b_it.o
 .data          0x0000000000000000        0x0 ./Build/User/py32f002b_it.o
 .bss           0x0000000000000000        0x0 ./Build/User/py32f002b_it.o
 .text          0x0000000000000000        0x0 ./Build/User/main.o
 .data          0x0000000000000000        0x0 ./Build/User/main.o
 .bss           0x0000000000000000        0x0 ./Build/User/main.o
 .bss.aRxBuffer
                0x0000000000000000        0xf ./Build/User/main.o
 .data.aTxBuffer
                0x0000000000000000        0xf ./Build/User/main.o
 .text          0x0000000000000000        0x0 ./Build/Libraries/PY32F002B_HAL_Driver/Src/py32f002b_hal_cortex.o
 .data          0x0000000000000000        0x0 ./Build/Libraries/PY32F002B_HAL_Driver/Src/py32f002b_hal_cortex.o
 .bss           0x0000000000000000        0x0 ./Build/Libraries/PY32F002B_HAL_Driver/Src/py32f002b_hal_cortex.o
 .text.HAL_NVIC_EnableIRQ
                0x0000000000000000       0x18 ./Build/Libraries/PY32F002B_HAL_Driver/Src/py32f002b_hal_cortex.o
 .text.HAL_NVIC_DisableIRQ
                0x0000000000000000       0x20 ./Build/Libraries/PY32F002B_HAL_Driver/Src/py32f002b_hal_cortex.o
 .text.HAL_NVIC_SystemReset
                0x0000000000000000       0x1c ./Build/Libraries/PY32F002B_HAL_Driver/Src/py32f002b_hal_cortex.o
 .text.HAL_NVIC_GetPriority
                0x0000000000000000       0x4c ./Build/Libraries/PY32F002B_HAL_Driver/Src/py32f002b_hal_cortex.o
 .text.HAL_NVIC_SetPendingIRQ
                0x0000000000000000       0x1c ./Build/Libraries/PY32F002B_HAL_Driver/Src/py32f002b_hal_cortex.o
 .text.HAL_NVIC_GetPendingIRQ
                0x0000000000000000       0x20 ./Build/Libraries/PY32F002B_HAL_Driver/Src/py32f002b_hal_cortex.o
 .text.HAL_NVIC_ClearPendingIRQ
                0x0000000000000000       0x1c ./Build/Libraries/PY32F002B_HAL_Driver/Src/py32f002b_hal_cortex.o
 .text.HAL_SYSTICK_CLKSourceConfig
                0x0000000000000000       0x20 ./Build/Libraries/PY32F002B_HAL_Driver/Src/py32f002b_hal_cortex.o
 .text.HAL_SYSTICK_Callback
                0x0000000000000000        0x2 ./Build/Libraries/PY32F002B_HAL_Driver/Src/py32f002b_hal_cortex.o
 .text.HAL_SYSTICK_IRQHandler
                0x0000000000000000        0x8 ./Build/Libraries/PY32F002B_HAL_Driver/Src/py32f002b_hal_cortex.o
 .text          0x0000000000000000        0x0 ./Build/Libraries/PY32F002B_HAL_Driver/Src/py32f002b_hal_lptim.o
 .data          0x0000000000000000        0x0 ./Build/Libraries/PY32F002B_HAL_Driver/Src/py32f002b_hal_lptim.o
 .bss           0x0000000000000000        0x0 ./Build/Libraries/PY32F002B_HAL_Driver/Src/py32f002b_hal_lptim.o
 .debug_info    0x0000000000000000       0x6b ./Build/Libraries/PY32F002B_HAL_Driver/Src/py32f002b_hal_lptim.o
 .debug_abbrev  0x0000000000000000       0x26 ./Build/Libraries/PY32F002B_HAL_Driver/Src/py32f002b_hal_lptim.o
 .debug_aranges
                0x0000000000000000       0x18 ./Build/Libraries/PY32F002B_HAL_Driver/Src/py32f002b_hal_lptim.o
 .debug_line    0x0000000000000000       0x1d ./Build/Libraries/PY32F002B_HAL_Driver/Src/py32f002b_hal_lptim.o
 .debug_str     0x0000000000000000      0x18d ./Build/Libraries/PY32F002B_HAL_Driver/Src/py32f002b_hal_lptim.o
 .comment       0x0000000000000000       0x4a ./Build/Libraries/PY32F002B_HAL_Driver/Src/py32f002b_hal_lptim.o
 .ARM.attributes
                0x0000000000000000       0x2c ./Build/Libraries/PY32F002B_HAL_Driver/Src/py32f002b_hal_lptim.o
 .text          0x0000000000000000        0x0 ./Build/Libraries/PY32F002B_HAL_Driver/Src/py32f002b_hal_rcc_ex.o
 .data          0x0000000000000000        0x0 ./Build/Libraries/PY32F002B_HAL_Driver/Src/py32f002b_hal_rcc_ex.o
 .bss           0x0000000000000000        0x0 ./Build/Libraries/PY32F002B_HAL_Driver/Src/py32f002b_hal_rcc_ex.o
 .text.HAL_RCCEx_PeriphCLKConfig
                0x0000000000000000       0x8c ./Build/Libraries/PY32F002B_HAL_Driver/Src/py32f002b_hal_rcc_ex.o
 .text.HAL_RCCEx_GetPeriphCLKConfig
                0x0000000000000000       0x30 ./Build/Libraries/PY32F002B_HAL_Driver/Src/py32f002b_hal_rcc_ex.o
 .text.HAL_RCCEx_GetPeriphCLKFreq
                0x0000000000000000      0x1c4 ./Build/Libraries/PY32F002B_HAL_Driver/Src/py32f002b_hal_rcc_ex.o
 .text.HAL_RCCEx_EnableLSCO
                0x0000000000000000       0x1c ./Build/Libraries/PY32F002B_HAL_Driver/Src/py32f002b_hal_rcc_ex.o
 .text.HAL_RCCEx_DisableLSCO
                0x0000000000000000       0x14 ./Build/Libraries/PY32F002B_HAL_Driver/Src/py32f002b_hal_rcc_ex.o
 .debug_info    0x0000000000000000      0x479 ./Build/Libraries/PY32F002B_HAL_Driver/Src/py32f002b_hal_rcc_ex.o
 .debug_abbrev  0x0000000000000000      0x1c9 ./Build/Libraries/PY32F002B_HAL_Driver/Src/py32f002b_hal_rcc_ex.o
 .debug_loc     0x0000000000000000      0x2fb ./Build/Libraries/PY32F002B_HAL_Driver/Src/py32f002b_hal_rcc_ex.o
 .debug_aranges
                0x0000000000000000       0x40 ./Build/Libraries/PY32F002B_HAL_Driver/Src/py32f002b_hal_rcc_ex.o
 .debug_ranges  0x0000000000000000       0x30 ./Build/Libraries/PY32F002B_HAL_Driver/Src/py32f002b_hal_rcc_ex.o
 .debug_line    0x0000000000000000      0x495 ./Build/Libraries/PY32F002B_HAL_Driver/Src/py32f002b_hal_rcc_ex.o
 .debug_str     0x0000000000000000      0x3d2 ./Build/Libraries/PY32F002B_HAL_Driver/Src/py32f002b_hal_rcc_ex.o
 .comment       0x0000000000000000       0x4a ./Build/Libraries/PY32F002B_HAL_Driver/Src/py32f002b_hal_rcc_ex.o
 .debug_frame   0x0000000000000000       0x74 ./Build/Libraries/PY32F002B_HAL_Driver/Src/py32f002b_hal_rcc_ex.o
 .ARM.attributes
                0x0000000000000000       0x2c ./Build/Libraries/PY32F002B_HAL_Driver/Src/py32f002b_hal_rcc_ex.o
 .text          0x0000000000000000        0x0 ./Build/Libraries/PY32F002B_HAL_Driver/Src/py32f002b_hal_iwdg.o
 .data          0x0000000000000000        0x0 ./Build/Libraries/PY32F002B_HAL_Driver/Src/py32f002b_hal_iwdg.o
 .bss           0x0000000000000000        0x0 ./Build/Libraries/PY32F002B_HAL_Driver/Src/py32f002b_hal_iwdg.o
 .debug_info    0x0000000000000000       0x6b ./Build/Libraries/PY32F002B_HAL_Driver/Src/py32f002b_hal_iwdg.o
 .debug_abbrev  0x0000000000000000       0x26 ./Build/Libraries/PY32F002B_HAL_Driver/Src/py32f002b_hal_iwdg.o
 .debug_aranges
                0x0000000000000000       0x18 ./Build/Libraries/PY32F002B_HAL_Driver/Src/py32f002b_hal_iwdg.o
 .debug_line    0x0000000000000000       0x1d ./Build/Libraries/PY32F002B_HAL_Driver/Src/py32f002b_hal_iwdg.o
 .debug_str     0x0000000000000000      0x18c ./Build/Libraries/PY32F002B_HAL_Driver/Src/py32f002b_hal_iwdg.o
 .comment       0x0000000000000000       0x4a ./Build/Libraries/PY32F002B_HAL_Driver/Src/py32f002b_hal_iwdg.o
 .ARM.attributes
                0x0000000000000000       0x2c ./Build/Libraries/PY32F002B_HAL_Driver/Src/py32f002b_hal_iwdg.o
 .text          0x0000000000000000        0x0 ./Build/Libraries/PY32F002B_HAL_Driver/Src/py32f002b_hal_uart.o
 .data          0x0000000000000000        0x0 ./Build/Libraries/PY32F002B_HAL_Driver/Src/py32f002b_hal_uart.o
 .bss           0x0000000000000000        0x0 ./Build/Libraries/PY32F002B_HAL_Driver/Src/py32f002b_hal_uart.o
 .text.UART_EndRxTransfer
                0x0000000000000000       0x24 ./Build/Libraries/PY32F002B_HAL_Driver/Src/py32f002b_hal_uart.o
 .text.UART_Transmit_IT
                0x0000000000000000       0x62 ./Build/Libraries/PY32F002B_HAL_Driver/Src/py32f002b_hal_uart.o
 .text.UART_AdvFeatureConfig
                0x0000000000000000       0x38 ./Build/Libraries/PY32F002B_HAL_Driver/Src/py32f002b_hal_uart.o
 .text.UART_SetConfig
                0x0000000000000000       0xec ./Build/Libraries/PY32F002B_HAL_Driver/Src/py32f002b_hal_uart.o
 .text.UART_WaitOnFlagUntilTimeout
                0x0000000000000000       0x74 ./Build/Libraries/PY32F002B_HAL_Driver/Src/py32f002b_hal_uart.o
 .text.HAL_UART_MspInit
                0x0000000000000000        0x2 ./Build/Libraries/PY32F002B_HAL_Driver/Src/py32f002b_hal_uart.o
 .text.HAL_UART_Init
                0x0000000000000000       0x7c ./Build/Libraries/PY32F002B_HAL_Driver/Src/py32f002b_hal_uart.o
 .text.HAL_HalfDuplex_Init
                0x0000000000000000       0x6c ./Build/Libraries/PY32F002B_HAL_Driver/Src/py32f002b_hal_uart.o
 .text.HAL_MultiProcessor_Init
                0x0000000000000000       0x94 ./Build/Libraries/PY32F002B_HAL_Driver/Src/py32f002b_hal_uart.o
 .text.HAL_UART_MspDeInit
                0x0000000000000000        0x2 ./Build/Libraries/PY32F002B_HAL_Driver/Src/py32f002b_hal_uart.o
 .text.HAL_UART_DeInit
                0x0000000000000000       0x34 ./Build/Libraries/PY32F002B_HAL_Driver/Src/py32f002b_hal_uart.o
 .text.HAL_UART_Transmit
                0x0000000000000000       0xfe ./Build/Libraries/PY32F002B_HAL_Driver/Src/py32f002b_hal_uart.o
 .text.HAL_UART_Receive
                0x0000000000000000       0xea ./Build/Libraries/PY32F002B_HAL_Driver/Src/py32f002b_hal_uart.o
 .text.HAL_UART_Transmit_IT
                0x0000000000000000       0x50 ./Build/Libraries/PY32F002B_HAL_Driver/Src/py32f002b_hal_uart.o
 .text.HAL_UART_Receive_IT
                0x0000000000000000       0x64 ./Build/Libraries/PY32F002B_HAL_Driver/Src/py32f002b_hal_uart.o
 .text.HAL_UART_Abort
                0x0000000000000000       0x30 ./Build/Libraries/PY32F002B_HAL_Driver/Src/py32f002b_hal_uart.o
 .text.HAL_UART_AbortTransmit
                0x0000000000000000       0x18 ./Build/Libraries/PY32F002B_HAL_Driver/Src/py32f002b_hal_uart.o
 .text.HAL_UART_AbortReceive
                0x0000000000000000       0x28 ./Build/Libraries/PY32F002B_HAL_Driver/Src/py32f002b_hal_uart.o
 .text.HAL_UART_TxCpltCallback
                0x0000000000000000        0x2 ./Build/Libraries/PY32F002B_HAL_Driver/Src/py32f002b_hal_uart.o
 .text.UART_EndTransmit_IT
                0x0000000000000000       0x1a ./Build/Libraries/PY32F002B_HAL_Driver/Src/py32f002b_hal_uart.o
 .text.HAL_UART_TxHalfCpltCallback
                0x0000000000000000        0x2 ./Build/Libraries/PY32F002B_HAL_Driver/Src/py32f002b_hal_uart.o
 .text.HAL_UART_RxCpltCallback
                0x0000000000000000        0x2 ./Build/Libraries/PY32F002B_HAL_Driver/Src/py32f002b_hal_uart.o
 .text.UART_Receive_IT
                0x0000000000000000       0x80 ./Build/Libraries/PY32F002B_HAL_Driver/Src/py32f002b_hal_uart.o
 .text.HAL_UART_RxHalfCpltCallback
                0x0000000000000000        0x2 ./Build/Libraries/PY32F002B_HAL_Driver/Src/py32f002b_hal_uart.o
 .text.HAL_UART_ErrorCallback
                0x0000000000000000        0x2 ./Build/Libraries/PY32F002B_HAL_Driver/Src/py32f002b_hal_uart.o
 .text.HAL_UART_AbortCpltCallback
                0x0000000000000000        0x2 ./Build/Libraries/PY32F002B_HAL_Driver/Src/py32f002b_hal_uart.o
 .text.HAL_UART_Abort_IT
                0x0000000000000000       0x38 ./Build/Libraries/PY32F002B_HAL_Driver/Src/py32f002b_hal_uart.o
 .text.HAL_UART_AbortTransmitCpltCallback
                0x0000000000000000        0x2 ./Build/Libraries/PY32F002B_HAL_Driver/Src/py32f002b_hal_uart.o
 .text.HAL_UART_AbortTransmit_IT
                0x0000000000000000       0x1e ./Build/Libraries/PY32F002B_HAL_Driver/Src/py32f002b_hal_uart.o
 .text.HAL_UART_AbortReceiveCpltCallback
                0x0000000000000000        0x2 ./Build/Libraries/PY32F002B_HAL_Driver/Src/py32f002b_hal_uart.o
 .text.HAL_UART_AbortReceive_IT
                0x0000000000000000       0x30 ./Build/Libraries/PY32F002B_HAL_Driver/Src/py32f002b_hal_uart.o
 .text.HAL_UART_IdleFrameDetectCpltCallback
                0x0000000000000000        0x2 ./Build/Libraries/PY32F002B_HAL_Driver/Src/py32f002b_hal_uart.o
 .text.HAL_UART_IRQHandler
                0x0000000000000000       0xf6 ./Build/Libraries/PY32F002B_HAL_Driver/Src/py32f002b_hal_uart.o
 .text.HAL_MultiProcessor_EnterMuteMode
                0x0000000000000000       0x30 ./Build/Libraries/PY32F002B_HAL_Driver/Src/py32f002b_hal_uart.o
 .text.HAL_MultiProcessor_ExitMuteMode
                0x0000000000000000       0x30 ./Build/Libraries/PY32F002B_HAL_Driver/Src/py32f002b_hal_uart.o
 .text.HAL_HalfDuplex_EnableTransmitter
                0x0000000000000000       0x34 ./Build/Libraries/PY32F002B_HAL_Driver/Src/py32f002b_hal_uart.o
 .text.HAL_HalfDuplex_EnableReceiver
                0x0000000000000000       0x34 ./Build/Libraries/PY32F002B_HAL_Driver/Src/py32f002b_hal_uart.o
 .text.HAL_UART_GetState
                0x0000000000000000        0xc ./Build/Libraries/PY32F002B_HAL_Driver/Src/py32f002b_hal_uart.o
 .text.HAL_UART_GetError
                0x0000000000000000        0x4 ./Build/Libraries/PY32F002B_HAL_Driver/Src/py32f002b_hal_uart.o
 .debug_info    0x0000000000000000     0x1093 ./Build/Libraries/PY32F002B_HAL_Driver/Src/py32f002b_hal_uart.o
 .debug_abbrev  0x0000000000000000      0x20b ./Build/Libraries/PY32F002B_HAL_Driver/Src/py32f002b_hal_uart.o
 .debug_loc     0x0000000000000000     0x10f1 ./Build/Libraries/PY32F002B_HAL_Driver/Src/py32f002b_hal_uart.o
 .debug_aranges
                0x0000000000000000      0x150 ./Build/Libraries/PY32F002B_HAL_Driver/Src/py32f002b_hal_uart.o
 .debug_ranges  0x0000000000000000      0x140 ./Build/Libraries/PY32F002B_HAL_Driver/Src/py32f002b_hal_uart.o
 .debug_line    0x0000000000000000     0x10d6 ./Build/Libraries/PY32F002B_HAL_Driver/Src/py32f002b_hal_uart.o
 .debug_str     0x0000000000000000      0x8cb ./Build/Libraries/PY32F002B_HAL_Driver/Src/py32f002b_hal_uart.o
 .comment       0x0000000000000000       0x4a ./Build/Libraries/PY32F002B_HAL_Driver/Src/py32f002b_hal_uart.o
 .debug_frame   0x0000000000000000      0x380 ./Build/Libraries/PY32F002B_HAL_Driver/Src/py32f002b_hal_uart.o
 .ARM.attributes
                0x0000000000000000       0x2c ./Build/Libraries/PY32F002B_HAL_Driver/Src/py32f002b_hal_uart.o
 .text          0x0000000000000000        0x0 ./Build/Libraries/PY32F002B_HAL_Driver/Src/py32f002b_hal_crc.o
 .data          0x0000000000000000        0x0 ./Build/Libraries/PY32F002B_HAL_Driver/Src/py32f002b_hal_crc.o
 .bss           0x0000000000000000        0x0 ./Build/Libraries/PY32F002B_HAL_Driver/Src/py32f002b_hal_crc.o
 .debug_info    0x0000000000000000       0x6b ./Build/Libraries/PY32F002B_HAL_Driver/Src/py32f002b_hal_crc.o
 .debug_abbrev  0x0000000000000000       0x26 ./Build/Libraries/PY32F002B_HAL_Driver/Src/py32f002b_hal_crc.o
 .debug_aranges
                0x0000000000000000       0x18 ./Build/Libraries/PY32F002B_HAL_Driver/Src/py32f002b_hal_crc.o
 .debug_line    0x0000000000000000       0x1d ./Build/Libraries/PY32F002B_HAL_Driver/Src/py32f002b_hal_crc.o
 .debug_str     0x0000000000000000      0x18b ./Build/Libraries/PY32F002B_HAL_Driver/Src/py32f002b_hal_crc.o
 .comment       0x0000000000000000       0x4a ./Build/Libraries/PY32F002B_HAL_Driver/Src/py32f002b_hal_crc.o
 .ARM.attributes
                0x0000000000000000       0x2c ./Build/Libraries/PY32F002B_HAL_Driver/Src/py32f002b_hal_crc.o
 .text          0x0000000000000000        0x0 ./Build/Libraries/PY32F002B_HAL_Driver/Src/py32f002b_hal_exti.o
 .data          0x0000000000000000        0x0 ./Build/Libraries/PY32F002B_HAL_Driver/Src/py32f002b_hal_exti.o
 .bss           0x0000000000000000        0x0 ./Build/Libraries/PY32F002B_HAL_Driver/Src/py32f002b_hal_exti.o
 .debug_info    0x0000000000000000       0x6b ./Build/Libraries/PY32F002B_HAL_Driver/Src/py32f002b_hal_exti.o
 .debug_abbrev  0x0000000000000000       0x26 ./Build/Libraries/PY32F002B_HAL_Driver/Src/py32f002b_hal_exti.o
 .debug_aranges
                0x0000000000000000       0x18 ./Build/Libraries/PY32F002B_HAL_Driver/Src/py32f002b_hal_exti.o
 .debug_line    0x0000000000000000       0x1d ./Build/Libraries/PY32F002B_HAL_Driver/Src/py32f002b_hal_exti.o
 .debug_str     0x0000000000000000      0x18c ./Build/Libraries/PY32F002B_HAL_Driver/Src/py32f002b_hal_exti.o
 .comment       0x0000000000000000       0x4a ./Build/Libraries/PY32F002B_HAL_Driver/Src/py32f002b_hal_exti.o
 .ARM.attributes
                0x0000000000000000       0x2c ./Build/Libraries/PY32F002B_HAL_Driver/Src/py32f002b_hal_exti.o
 .text          0x0000000000000000        0x0 ./Build/Libraries/PY32F002B_HAL_Driver/Src/py32f002b_hal_tim_ex.o
 .data          0x0000000000000000        0x0 ./Build/Libraries/PY32F002B_HAL_Driver/Src/py32f002b_hal_tim_ex.o
 .bss           0x0000000000000000        0x0 ./Build/Libraries/PY32F002B_HAL_Driver/Src/py32f002b_hal_tim_ex.o
 .debug_info    0x0000000000000000       0x6b ./Build/Libraries/PY32F002B_HAL_Driver/Src/py32f002b_hal_tim_ex.o
 .debug_abbrev  0x0000000000000000       0x26 ./Build/Libraries/PY32F002B_HAL_Driver/Src/py32f002b_hal_tim_ex.o
 .debug_aranges
                0x0000000000000000       0x18 ./Build/Libraries/PY32F002B_HAL_Driver/Src/py32f002b_hal_tim_ex.o
 .debug_line    0x0000000000000000       0x1d ./Build/Libraries/PY32F002B_HAL_Driver/Src/py32f002b_hal_tim_ex.o
 .debug_str     0x0000000000000000      0x18e ./Build/Libraries/PY32F002B_HAL_Driver/Src/py32f002b_hal_tim_ex.o
 .comment       0x0000000000000000       0x4a ./Build/Libraries/PY32F002B_HAL_Driver/Src/py32f002b_hal_tim_ex.o
 .ARM.attributes
                0x0000000000000000       0x2c ./Build/Libraries/PY32F002B_HAL_Driver/Src/py32f002b_hal_tim_ex.o
 .text          0x0000000000000000        0x0 ./Build/Libraries/PY32F002B_HAL_Driver/Src/py32f002b_hal_pwr.o
 .data          0x0000000000000000        0x0 ./Build/Libraries/PY32F002B_HAL_Driver/Src/py32f002b_hal_pwr.o
 .bss           0x0000000000000000        0x0 ./Build/Libraries/PY32F002B_HAL_Driver/Src/py32f002b_hal_pwr.o
 .text.HAL_PWR_DeInit
                0x0000000000000000       0x20 ./Build/Libraries/PY32F002B_HAL_Driver/Src/py32f002b_hal_pwr.o
 .text.HAL_PWR_ConfigStopMode
                0x0000000000000000       0x38 ./Build/Libraries/PY32F002B_HAL_Driver/Src/py32f002b_hal_pwr.o
 .text.HAL_PWR_ConfigBIAS
                0x0000000000000000       0x30 ./Build/Libraries/PY32F002B_HAL_Driver/Src/py32f002b_hal_pwr.o
 .text.HAL_PWR_EnterSLEEPMode
                0x0000000000000000       0x20 ./Build/Libraries/PY32F002B_HAL_Driver/Src/py32f002b_hal_pwr.o
 .text.HAL_PWR_EnterSTOPMode
                0x0000000000000000       0x40 ./Build/Libraries/PY32F002B_HAL_Driver/Src/py32f002b_hal_pwr.o
 .text.HAL_PWR_EnableSleepOnExit
                0x0000000000000000       0x10 ./Build/Libraries/PY32F002B_HAL_Driver/Src/py32f002b_hal_pwr.o
 .text.HAL_PWR_DisableSleepOnExit
                0x0000000000000000       0x10 ./Build/Libraries/PY32F002B_HAL_Driver/Src/py32f002b_hal_pwr.o
 .text.HAL_PWR_EnableSEVOnPend
                0x0000000000000000       0x10 ./Build/Libraries/PY32F002B_HAL_Driver/Src/py32f002b_hal_pwr.o
 .text.HAL_PWR_DisableSEVOnPend
                0x0000000000000000       0x10 ./Build/Libraries/PY32F002B_HAL_Driver/Src/py32f002b_hal_pwr.o
 .debug_info    0x0000000000000000      0x528 ./Build/Libraries/PY32F002B_HAL_Driver/Src/py32f002b_hal_pwr.o
 .debug_abbrev  0x0000000000000000      0x1a3 ./Build/Libraries/PY32F002B_HAL_Driver/Src/py32f002b_hal_pwr.o
 .debug_loc     0x0000000000000000       0xbe ./Build/Libraries/PY32F002B_HAL_Driver/Src/py32f002b_hal_pwr.o
 .debug_aranges
                0x0000000000000000       0x60 ./Build/Libraries/PY32F002B_HAL_Driver/Src/py32f002b_hal_pwr.o
 .debug_ranges  0x0000000000000000       0x50 ./Build/Libraries/PY32F002B_HAL_Driver/Src/py32f002b_hal_pwr.o
 .debug_line    0x0000000000000000      0x312 ./Build/Libraries/PY32F002B_HAL_Driver/Src/py32f002b_hal_pwr.o
 .debug_str     0x0000000000000000      0x46b ./Build/Libraries/PY32F002B_HAL_Driver/Src/py32f002b_hal_pwr.o
 .comment       0x0000000000000000       0x4a ./Build/Libraries/PY32F002B_HAL_Driver/Src/py32f002b_hal_pwr.o
 .debug_frame   0x0000000000000000       0xb8 ./Build/Libraries/PY32F002B_HAL_Driver/Src/py32f002b_hal_pwr.o
 .ARM.attributes
                0x0000000000000000       0x2c ./Build/Libraries/PY32F002B_HAL_Driver/Src/py32f002b_hal_pwr.o
 .text          0x0000000000000000        0x0 ./Build/Libraries/PY32F002B_HAL_Driver/Src/py32f002b_hal_flash.o
 .data          0x0000000000000000        0x0 ./Build/Libraries/PY32F002B_HAL_Driver/Src/py32f002b_hal_flash.o
 .bss           0x0000000000000000        0x0 ./Build/Libraries/PY32F002B_HAL_Driver/Src/py32f002b_hal_flash.o
 .text.FLASH_MassErase
                0x0000000000000000       0x28 ./Build/Libraries/PY32F002B_HAL_Driver/Src/py32f002b_hal_flash.o
 .text.FLASH_PageErase
                0x0000000000000000       0x20 ./Build/Libraries/PY32F002B_HAL_Driver/Src/py32f002b_hal_flash.o
 .text.FLASH_SectorErase
                0x0000000000000000       0x18 ./Build/Libraries/PY32F002B_HAL_Driver/Src/py32f002b_hal_flash.o
 .text.FLASH_Program_Page
                0x0000000000000000       0x3c ./Build/Libraries/PY32F002B_HAL_Driver/Src/py32f002b_hal_flash.o
 .text.FLASH_OB_OptrConfig
                0x0000000000000000       0x1c ./Build/Libraries/PY32F002B_HAL_Driver/Src/py32f002b_hal_flash.o
 .text.HAL_FLASH_Unlock
                0x0000000000000000       0x30 ./Build/Libraries/PY32F002B_HAL_Driver/Src/py32f002b_hal_flash.o
 .text.HAL_FLASH_Lock
                0x0000000000000000       0x20 ./Build/Libraries/PY32F002B_HAL_Driver/Src/py32f002b_hal_flash.o
 .text.HAL_FLASH_OB_Unlock
                0x0000000000000000       0x30 ./Build/Libraries/PY32F002B_HAL_Driver/Src/py32f002b_hal_flash.o
 .text.HAL_FLASH_OB_Lock
                0x0000000000000000       0x20 ./Build/Libraries/PY32F002B_HAL_Driver/Src/py32f002b_hal_flash.o
 .text.HAL_FLASH_OB_Launch
                0x0000000000000000       0x14 ./Build/Libraries/PY32F002B_HAL_Driver/Src/py32f002b_hal_flash.o
 .text.HAL_FLASH_GetError
                0x0000000000000000        0xc ./Build/Libraries/PY32F002B_HAL_Driver/Src/py32f002b_hal_flash.o
 .text.FLASH_WaitForLastOperation
                0x0000000000000000       0x30 ./Build/Libraries/PY32F002B_HAL_Driver/Src/py32f002b_hal_flash.o
 .text.HAL_FLASH_Erase
                0x0000000000000000      0x224 ./Build/Libraries/PY32F002B_HAL_Driver/Src/py32f002b_hal_flash.o
 .text.HAL_FLASH_Erase_IT
                0x0000000000000000      0x1a0 ./Build/Libraries/PY32F002B_HAL_Driver/Src/py32f002b_hal_flash.o
 .text.HAL_FLASH_Program
                0x0000000000000000      0x174 ./Build/Libraries/PY32F002B_HAL_Driver/Src/py32f002b_hal_flash.o
 .text.HAL_FLASH_PageProgram
                0x0000000000000000        0xe ./Build/Libraries/PY32F002B_HAL_Driver/Src/py32f002b_hal_flash.o
 .text.HAL_FLASH_Program_IT
                0x0000000000000000      0x178 ./Build/Libraries/PY32F002B_HAL_Driver/Src/py32f002b_hal_flash.o
 .text.HAL_FLASH_PageProgram_IT
                0x0000000000000000        0xe ./Build/Libraries/PY32F002B_HAL_Driver/Src/py32f002b_hal_flash.o
 .text.HAL_FLASH_OBProgram
                0x0000000000000000      0x1a0 ./Build/Libraries/PY32F002B_HAL_Driver/Src/py32f002b_hal_flash.o
 .text.HAL_FLASH_OBBOOTProgram
                0x0000000000000000      0x17c ./Build/Libraries/PY32F002B_HAL_Driver/Src/py32f002b_hal_flash.o
 .text.HAL_FLASH_OBBOOTGetConfig
                0x0000000000000000       0x1c ./Build/Libraries/PY32F002B_HAL_Driver/Src/py32f002b_hal_flash.o
 .text.HAL_FLASH_OBGetConfig
                0x0000000000000000       0x30 ./Build/Libraries/PY32F002B_HAL_Driver/Src/py32f002b_hal_flash.o
 .text.HAL_FLASH_EndOfOperationCallback
                0x0000000000000000        0x2 ./Build/Libraries/PY32F002B_HAL_Driver/Src/py32f002b_hal_flash.o
 .text.HAL_FLASH_OperationErrorCallback
                0x0000000000000000        0x2 ./Build/Libraries/PY32F002B_HAL_Driver/Src/py32f002b_hal_flash.o
 .text.HAL_FLASH_IRQHandler
                0x0000000000000000       0xe0 ./Build/Libraries/PY32F002B_HAL_Driver/Src/py32f002b_hal_flash.o
 .bss.pFlash    0x0000000000000000       0x18 ./Build/Libraries/PY32F002B_HAL_Driver/Src/py32f002b_hal_flash.o
 .rodata._FlashTimmingParam
                0x0000000000000000       0x20 ./Build/Libraries/PY32F002B_HAL_Driver/Src/py32f002b_hal_flash.o
 .debug_info    0x0000000000000000      0xf9b ./Build/Libraries/PY32F002B_HAL_Driver/Src/py32f002b_hal_flash.o
 .debug_abbrev  0x0000000000000000      0x371 ./Build/Libraries/PY32F002B_HAL_Driver/Src/py32f002b_hal_flash.o
 .debug_loc     0x0000000000000000      0x9dd ./Build/Libraries/PY32F002B_HAL_Driver/Src/py32f002b_hal_flash.o
 .debug_aranges
                0x0000000000000000       0xe0 ./Build/Libraries/PY32F002B_HAL_Driver/Src/py32f002b_hal_flash.o
 .debug_ranges  0x0000000000000000      0x160 ./Build/Libraries/PY32F002B_HAL_Driver/Src/py32f002b_hal_flash.o
 .debug_line    0x0000000000000000      0xe2e ./Build/Libraries/PY32F002B_HAL_Driver/Src/py32f002b_hal_flash.o
 .debug_str     0x0000000000000000      0x795 ./Build/Libraries/PY32F002B_HAL_Driver/Src/py32f002b_hal_flash.o
 .comment       0x0000000000000000       0x4a ./Build/Libraries/PY32F002B_HAL_Driver/Src/py32f002b_hal_flash.o
 .debug_frame   0x0000000000000000      0x224 ./Build/Libraries/PY32F002B_HAL_Driver/Src/py32f002b_hal_flash.o
 .ARM.attributes
                0x0000000000000000       0x2c ./Build/Libraries/PY32F002B_HAL_Driver/Src/py32f002b_hal_flash.o
 .text          0x0000000000000000        0x0 ./Build/Libraries/PY32F002B_HAL_Driver/Src/py32f002b_hal_adc.o
 .data          0x0000000000000000        0x0 ./Build/Libraries/PY32F002B_HAL_Driver/Src/py32f002b_hal_adc.o
 .bss           0x0000000000000000        0x0 ./Build/Libraries/PY32F002B_HAL_Driver/Src/py32f002b_hal_adc.o
 .debug_info    0x0000000000000000       0x6b ./Build/Libraries/PY32F002B_HAL_Driver/Src/py32f002b_hal_adc.o
 .debug_abbrev  0x0000000000000000       0x26 ./Build/Libraries/PY32F002B_HAL_Driver/Src/py32f002b_hal_adc.o
 .debug_aranges
                0x0000000000000000       0x18 ./Build/Libraries/PY32F002B_HAL_Driver/Src/py32f002b_hal_adc.o
 .debug_line    0x0000000000000000       0x1d ./Build/Libraries/PY32F002B_HAL_Driver/Src/py32f002b_hal_adc.o
 .debug_str     0x0000000000000000      0x18b ./Build/Libraries/PY32F002B_HAL_Driver/Src/py32f002b_hal_adc.o
 .comment       0x0000000000000000       0x4a ./Build/Libraries/PY32F002B_HAL_Driver/Src/py32f002b_hal_adc.o
 .ARM.attributes
                0x0000000000000000       0x2c ./Build/Libraries/PY32F002B_HAL_Driver/Src/py32f002b_hal_adc.o
 .text          0x0000000000000000        0x0 ./Build/Libraries/PY32F002B_HAL_Driver/Src/py32f002b_hal_i2c.o
 .data          0x0000000000000000        0x0 ./Build/Libraries/PY32F002B_HAL_Driver/Src/py32f002b_hal_i2c.o
 .bss           0x0000000000000000        0x0 ./Build/Libraries/PY32F002B_HAL_Driver/Src/py32f002b_hal_i2c.o
 .text.I2C_Master_SB
                0x0000000000000000       0x4a ./Build/Libraries/PY32F002B_HAL_Driver/Src/py32f002b_hal_i2c.o
 .text.I2C_Master_ADD10
                0x0000000000000000        0xc ./Build/Libraries/PY32F002B_HAL_Driver/Src/py32f002b_hal_i2c.o
 .text.I2C_Master_ADDR
                0x0000000000000000      0x18c ./Build/Libraries/PY32F002B_HAL_Driver/Src/py32f002b_hal_i2c.o
 .text.I2C_SlaveTransmit_BTF
                0x0000000000000000       0x20 ./Build/Libraries/PY32F002B_HAL_Driver/Src/py32f002b_hal_i2c.o
 .text.I2C_SlaveReceive_BTF
                0x0000000000000000       0x20 ./Build/Libraries/PY32F002B_HAL_Driver/Src/py32f002b_hal_i2c.o
 .text.I2C_ConvertOtherXferOptions
                0x0000000000000000       0x22 ./Build/Libraries/PY32F002B_HAL_Driver/Src/py32f002b_hal_i2c.o
 .text.I2C_MasterRequestWrite
                0x0000000000000000       0x7c ./Build/Libraries/PY32F002B_HAL_Driver/Src/py32f002b_hal_i2c.o
 .text.I2C_MasterRequestRead
                0x0000000000000000       0x88 ./Build/Libraries/PY32F002B_HAL_Driver/Src/py32f002b_hal_i2c.o
 .text.I2C_RequestMemoryRead
                0x0000000000000000      0x144 ./Build/Libraries/PY32F002B_HAL_Driver/Src/py32f002b_hal_i2c.o
 .text.I2C_WaitOnRXNEFlagUntilTimeout
                0x0000000000000000       0x64 ./Build/Libraries/PY32F002B_HAL_Driver/Src/py32f002b_hal_i2c.o
 .text.I2C_WaitOnSTOPFlagUntilTimeout
                0x0000000000000000       0x4c ./Build/Libraries/PY32F002B_HAL_Driver/Src/py32f002b_hal_i2c.o
 .text.HAL_I2C_MspInit
                0x0000000000000000        0x2 ./Build/Libraries/PY32F002B_HAL_Driver/Src/py32f002b_hal_i2c.o
 .text.HAL_I2C_MspDeInit
                0x0000000000000000        0x2 ./Build/Libraries/PY32F002B_HAL_Driver/Src/py32f002b_hal_i2c.o
 .text.HAL_I2C_DeInit
                0x0000000000000000       0x32 ./Build/Libraries/PY32F002B_HAL_Driver/Src/py32f002b_hal_i2c.o
 .text.HAL_I2C_Master_Transmit
                0x0000000000000000      0x170 ./Build/Libraries/PY32F002B_HAL_Driver/Src/py32f002b_hal_i2c.o
 .text.HAL_I2C_Master_Receive
                0x0000000000000000      0x2f4 ./Build/Libraries/PY32F002B_HAL_Driver/Src/py32f002b_hal_i2c.o
 .text.HAL_I2C_Slave_Transmit
                0x0000000000000000      0x16c ./Build/Libraries/PY32F002B_HAL_Driver/Src/py32f002b_hal_i2c.o
 .text.HAL_I2C_Slave_Receive
                0x0000000000000000      0x180 ./Build/Libraries/PY32F002B_HAL_Driver/Src/py32f002b_hal_i2c.o
 .text.HAL_I2C_Master_Transmit_IT
                0x0000000000000000       0xdc ./Build/Libraries/PY32F002B_HAL_Driver/Src/py32f002b_hal_i2c.o
 .text.HAL_I2C_Master_Receive_IT
                0x0000000000000000       0xe8 ./Build/Libraries/PY32F002B_HAL_Driver/Src/py32f002b_hal_i2c.o
 .text.HAL_I2C_Slave_Transmit_IT
                0x0000000000000000       0x90 ./Build/Libraries/PY32F002B_HAL_Driver/Src/py32f002b_hal_i2c.o
 .text.HAL_I2C_Slave_Receive_IT
                0x0000000000000000       0x90 ./Build/Libraries/PY32F002B_HAL_Driver/Src/py32f002b_hal_i2c.o
 .text.HAL_I2C_Mem_Read
                0x0000000000000000      0x308 ./Build/Libraries/PY32F002B_HAL_Driver/Src/py32f002b_hal_i2c.o
 .text.HAL_I2C_Mem_Write_IT
                0x0000000000000000       0xec ./Build/Libraries/PY32F002B_HAL_Driver/Src/py32f002b_hal_i2c.o
 .text.HAL_I2C_Mem_Read_IT
                0x0000000000000000      0x100 ./Build/Libraries/PY32F002B_HAL_Driver/Src/py32f002b_hal_i2c.o
 .text.HAL_I2C_IsDeviceReady
                0x0000000000000000      0x1b8 ./Build/Libraries/PY32F002B_HAL_Driver/Src/py32f002b_hal_i2c.o
 .text.HAL_I2C_Master_Seq_Transmit_IT
                0x0000000000000000      0x108 ./Build/Libraries/PY32F002B_HAL_Driver/Src/py32f002b_hal_i2c.o
 .text.HAL_I2C_Master_Seq_Receive_IT
                0x0000000000000000      0x160 ./Build/Libraries/PY32F002B_HAL_Driver/Src/py32f002b_hal_i2c.o
 .text.HAL_I2C_Slave_Seq_Transmit_IT
                0x0000000000000000       0x8c ./Build/Libraries/PY32F002B_HAL_Driver/Src/py32f002b_hal_i2c.o
 .text.HAL_I2C_Slave_Seq_Receive_IT
                0x0000000000000000       0x8c ./Build/Libraries/PY32F002B_HAL_Driver/Src/py32f002b_hal_i2c.o
 .text.HAL_I2C_EnableListen_IT
                0x0000000000000000       0x3e ./Build/Libraries/PY32F002B_HAL_Driver/Src/py32f002b_hal_i2c.o
 .text.HAL_I2C_DisableListen_IT
                0x0000000000000000       0x48 ./Build/Libraries/PY32F002B_HAL_Driver/Src/py32f002b_hal_i2c.o
 .text.HAL_I2C_MasterTxCpltCallback
                0x0000000000000000        0x2 ./Build/Libraries/PY32F002B_HAL_Driver/Src/py32f002b_hal_i2c.o
 .text.HAL_I2C_MasterRxCpltCallback
                0x0000000000000000        0x2 ./Build/Libraries/PY32F002B_HAL_Driver/Src/py32f002b_hal_i2c.o
 .text.HAL_I2C_SlaveTxCpltCallback
                0x0000000000000000        0x2 ./Build/Libraries/PY32F002B_HAL_Driver/Src/py32f002b_hal_i2c.o
 .text.I2C_SlaveTransmit_TXE
                0x0000000000000000       0x54 ./Build/Libraries/PY32F002B_HAL_Driver/Src/py32f002b_hal_i2c.o
 .text.HAL_I2C_SlaveRxCpltCallback
                0x0000000000000000        0x2 ./Build/Libraries/PY32F002B_HAL_Driver/Src/py32f002b_hal_i2c.o
 .text.I2C_SlaveReceive_RXNE
                0x0000000000000000       0x54 ./Build/Libraries/PY32F002B_HAL_Driver/Src/py32f002b_hal_i2c.o
 .text.HAL_I2C_AddrCallback
                0x0000000000000000        0x2 ./Build/Libraries/PY32F002B_HAL_Driver/Src/py32f002b_hal_i2c.o
 .text.I2C_Slave_ADDR
                0x0000000000000000       0x44 ./Build/Libraries/PY32F002B_HAL_Driver/Src/py32f002b_hal_i2c.o
 .text.HAL_I2C_ListenCpltCallback
                0x0000000000000000        0x2 ./Build/Libraries/PY32F002B_HAL_Driver/Src/py32f002b_hal_i2c.o
 .text.I2C_Slave_AF
                0x0000000000000000       0x90 ./Build/Libraries/PY32F002B_HAL_Driver/Src/py32f002b_hal_i2c.o
 .text.HAL_I2C_MemTxCpltCallback
                0x0000000000000000        0x2 ./Build/Libraries/PY32F002B_HAL_Driver/Src/py32f002b_hal_i2c.o
 .text.I2C_MasterTransmit_TXE
                0x0000000000000000      0x160 ./Build/Libraries/PY32F002B_HAL_Driver/Src/py32f002b_hal_i2c.o
 .text.I2C_MasterTransmit_BTF
                0x0000000000000000       0xa4 ./Build/Libraries/PY32F002B_HAL_Driver/Src/py32f002b_hal_i2c.o
 .text.HAL_I2C_MemRxCpltCallback
                0x0000000000000000        0x2 ./Build/Libraries/PY32F002B_HAL_Driver/Src/py32f002b_hal_i2c.o
 .text.I2C_MasterReceive_RXNE
                0x0000000000000000       0xa8 ./Build/Libraries/PY32F002B_HAL_Driver/Src/py32f002b_hal_i2c.o
 .text.I2C_MasterReceive_BTF
                0x0000000000000000      0x128 ./Build/Libraries/PY32F002B_HAL_Driver/Src/py32f002b_hal_i2c.o
 .text.HAL_I2C_ErrorCallback
                0x0000000000000000        0x2 ./Build/Libraries/PY32F002B_HAL_Driver/Src/py32f002b_hal_i2c.o
 .text.HAL_I2C_AbortCpltCallback
                0x0000000000000000        0x2 ./Build/Libraries/PY32F002B_HAL_Driver/Src/py32f002b_hal_i2c.o
 .text.I2C_ITError
                0x0000000000000000       0xdc ./Build/Libraries/PY32F002B_HAL_Driver/Src/py32f002b_hal_i2c.o
 .text.HAL_I2C_Master_Abort_IT
                0x0000000000000000       0x60 ./Build/Libraries/PY32F002B_HAL_Driver/Src/py32f002b_hal_i2c.o
 .text.I2C_Slave_STOPF
                0x0000000000000000      0x130 ./Build/Libraries/PY32F002B_HAL_Driver/Src/py32f002b_hal_i2c.o
 .text.HAL_I2C_EV_IRQHandler
                0x0000000000000000      0x146 ./Build/Libraries/PY32F002B_HAL_Driver/Src/py32f002b_hal_i2c.o
 .text.HAL_I2C_ER_IRQHandler
                0x0000000000000000       0xcc ./Build/Libraries/PY32F002B_HAL_Driver/Src/py32f002b_hal_i2c.o
 .text.HAL_I2C_GetState
                0x0000000000000000        0x8 ./Build/Libraries/PY32F002B_HAL_Driver/Src/py32f002b_hal_i2c.o
 .text.HAL_I2C_GetMode
                0x0000000000000000        0x8 ./Build/Libraries/PY32F002B_HAL_Driver/Src/py32f002b_hal_i2c.o
 .text.HAL_I2C_GetError
                0x0000000000000000        0x4 ./Build/Libraries/PY32F002B_HAL_Driver/Src/py32f002b_hal_i2c.o
 .text          0x0000000000000000        0x0 ./Build/Libraries/PY32F002B_HAL_Driver/Src/py32f002b_hal.o
 .data          0x0000000000000000        0x0 ./Build/Libraries/PY32F002B_HAL_Driver/Src/py32f002b_hal.o
 .bss           0x0000000000000000        0x0 ./Build/Libraries/PY32F002B_HAL_Driver/Src/py32f002b_hal.o
 .text.HAL_MspInit
                0x0000000000000000        0x2 ./Build/Libraries/PY32F002B_HAL_Driver/Src/py32f002b_hal.o
 .text.HAL_MspDeInit
                0x0000000000000000        0x2 ./Build/Libraries/PY32F002B_HAL_Driver/Src/py32f002b_hal.o
 .text.HAL_DeInit
                0x0000000000000000       0x28 ./Build/Libraries/PY32F002B_HAL_Driver/Src/py32f002b_hal.o
 .text.HAL_GetTickPrio
                0x0000000000000000        0xc ./Build/Libraries/PY32F002B_HAL_Driver/Src/py32f002b_hal.o
 .text.HAL_SetTickFreq
                0x0000000000000000       0x2c ./Build/Libraries/PY32F002B_HAL_Driver/Src/py32f002b_hal.o
 .text.HAL_GetTickFreq
                0x0000000000000000        0xc ./Build/Libraries/PY32F002B_HAL_Driver/Src/py32f002b_hal.o
 .text.HAL_Delay
                0x0000000000000000       0x24 ./Build/Libraries/PY32F002B_HAL_Driver/Src/py32f002b_hal.o
 .text.HAL_SuspendTick
                0x0000000000000000       0x10 ./Build/Libraries/PY32F002B_HAL_Driver/Src/py32f002b_hal.o
 .text.HAL_ResumeTick
                0x0000000000000000       0x10 ./Build/Libraries/PY32F002B_HAL_Driver/Src/py32f002b_hal.o
 .text.HAL_GetHalVersion
                0x0000000000000000        0x6 ./Build/Libraries/PY32F002B_HAL_Driver/Src/py32f002b_hal.o
 .text.HAL_GetREVID
                0x0000000000000000        0xc ./Build/Libraries/PY32F002B_HAL_Driver/Src/py32f002b_hal.o
 .text.HAL_GetDEVID
                0x0000000000000000       0x10 ./Build/Libraries/PY32F002B_HAL_Driver/Src/py32f002b_hal.o
 .text.HAL_GetUIDw0
                0x0000000000000000        0xc ./Build/Libraries/PY32F002B_HAL_Driver/Src/py32f002b_hal.o
 .text.HAL_GetUIDw1
                0x0000000000000000        0xc ./Build/Libraries/PY32F002B_HAL_Driver/Src/py32f002b_hal.o
 .text.HAL_GetUIDw2
                0x0000000000000000        0xc ./Build/Libraries/PY32F002B_HAL_Driver/Src/py32f002b_hal.o
 .text.HAL_DBGMCU_EnableDBGMCUStopMode
                0x0000000000000000       0x10 ./Build/Libraries/PY32F002B_HAL_Driver/Src/py32f002b_hal.o
 .text.HAL_DBGMCU_DisableDBGMCUStopMode
                0x0000000000000000       0x10 ./Build/Libraries/PY32F002B_HAL_Driver/Src/py32f002b_hal.o
 .text.HAL_SYSCFG_SetRemapMemory
                0x0000000000000000       0x14 ./Build/Libraries/PY32F002B_HAL_Driver/Src/py32f002b_hal.o
 .text.HAL_SYSCFG_GetRemapMemory
                0x0000000000000000       0x10 ./Build/Libraries/PY32F002B_HAL_Driver/Src/py32f002b_hal.o
 .text.HAL_SYSCFG_SetTIM1CH1Source
                0x0000000000000000       0x14 ./Build/Libraries/PY32F002B_HAL_Driver/Src/py32f002b_hal.o
 .text.HAL_SYSCFG_GetTIM1CH1Source
                0x0000000000000000       0x10 ./Build/Libraries/PY32F002B_HAL_Driver/Src/py32f002b_hal.o
 .text.HAL_SYSCFG_EnableI2CFastModePlus
                0x0000000000000000       0x10 ./Build/Libraries/PY32F002B_HAL_Driver/Src/py32f002b_hal.o
 .text.HAL_SYSCFG_DisableI2CFastModePlus
                0x0000000000000000       0x10 ./Build/Libraries/PY32F002B_HAL_Driver/Src/py32f002b_hal.o
 .text.HAL_SYSCFG_TIM1ETRSource
                0x0000000000000000       0x18 ./Build/Libraries/PY32F002B_HAL_Driver/Src/py32f002b_hal.o
 .text.HAL_SYSCFG_EnableGPIONoiseFilter
                0x0000000000000000       0x44 ./Build/Libraries/PY32F002B_HAL_Driver/Src/py32f002b_hal.o
 .text.HAL_SYSCFG_DisableGPIONoiseFilter
                0x0000000000000000       0x44 ./Build/Libraries/PY32F002B_HAL_Driver/Src/py32f002b_hal.o
 .text          0x0000000000000000        0x0 ./Build/Libraries/PY32F002B_HAL_Driver/Src/py32f002b_hal_rcc.o
 .data          0x0000000000000000        0x0 ./Build/Libraries/PY32F002B_HAL_Driver/Src/py32f002b_hal_rcc.o
 .bss           0x0000000000000000        0x0 ./Build/Libraries/PY32F002B_HAL_Driver/Src/py32f002b_hal_rcc.o
 .text.HAL_RCC_DeInit
                0x0000000000000000       0x94 ./Build/Libraries/PY32F002B_HAL_Driver/Src/py32f002b_hal_rcc.o
 .text.HAL_RCC_MCOConfig
                0x0000000000000000       0x7c ./Build/Libraries/PY32F002B_HAL_Driver/Src/py32f002b_hal_rcc.o
 .text.HAL_RCC_GetSysClockFreq
                0x0000000000000000       0xb4 ./Build/Libraries/PY32F002B_HAL_Driver/Src/py32f002b_hal_rcc.o
 .text.HAL_RCC_OscConfig
                0x0000000000000000      0x328 ./Build/Libraries/PY32F002B_HAL_Driver/Src/py32f002b_hal_rcc.o
 .text.HAL_RCC_ClockConfig
                0x0000000000000000      0x17c ./Build/Libraries/PY32F002B_HAL_Driver/Src/py32f002b_hal_rcc.o
 .text.HAL_RCC_GetOscConfig
                0x0000000000000000       0x8c ./Build/Libraries/PY32F002B_HAL_Driver/Src/py32f002b_hal_rcc.o
 .text.HAL_RCC_GetClockConfig
                0x0000000000000000       0x38 ./Build/Libraries/PY32F002B_HAL_Driver/Src/py32f002b_hal_rcc.o
 .text.HAL_RCC_EnableLSECSS
                0x0000000000000000       0x10 ./Build/Libraries/PY32F002B_HAL_Driver/Src/py32f002b_hal_rcc.o
 .text.HAL_RCC_DisableLSECSS
                0x0000000000000000       0x10 ./Build/Libraries/PY32F002B_HAL_Driver/Src/py32f002b_hal_rcc.o
 .text.HAL_RCC_CSSCallback
                0x0000000000000000        0x2 ./Build/Libraries/PY32F002B_HAL_Driver/Src/py32f002b_hal_rcc.o
 .text.HAL_RCC_LSECSSCallback
                0x0000000000000000        0x2 ./Build/Libraries/PY32F002B_HAL_Driver/Src/py32f002b_hal_rcc.o
 .text.HAL_RCC_NMI_IRQHandler
                0x0000000000000000       0x1c ./Build/Libraries/PY32F002B_HAL_Driver/Src/py32f002b_hal_rcc.o
 .rodata        0x0000000000000000       0x20 ./Build/Libraries/PY32F002B_HAL_Driver/Src/py32f002b_hal_rcc.o
 .text          0x0000000000000000        0x0 ./Build/Libraries/PY32F002B_HAL_Driver/Src/py32f002b_hal_tim.o
 .data          0x0000000000000000        0x0 ./Build/Libraries/PY32F002B_HAL_Driver/Src/py32f002b_hal_tim.o
 .bss           0x0000000000000000        0x0 ./Build/Libraries/PY32F002B_HAL_Driver/Src/py32f002b_hal_tim.o
 .debug_info    0x0000000000000000       0x6b ./Build/Libraries/PY32F002B_HAL_Driver/Src/py32f002b_hal_tim.o
 .debug_abbrev  0x0000000000000000       0x26 ./Build/Libraries/PY32F002B_HAL_Driver/Src/py32f002b_hal_tim.o
 .debug_aranges
                0x0000000000000000       0x18 ./Build/Libraries/PY32F002B_HAL_Driver/Src/py32f002b_hal_tim.o
 .debug_line    0x0000000000000000       0x1d ./Build/Libraries/PY32F002B_HAL_Driver/Src/py32f002b_hal_tim.o
 .debug_str     0x0000000000000000      0x18b ./Build/Libraries/PY32F002B_HAL_Driver/Src/py32f002b_hal_tim.o
 .comment       0x0000000000000000       0x4a ./Build/Libraries/PY32F002B_HAL_Driver/Src/py32f002b_hal_tim.o
 .ARM.attributes
                0x0000000000000000       0x2c ./Build/Libraries/PY32F002B_HAL_Driver/Src/py32f002b_hal_tim.o
 .text          0x0000000000000000        0x0 ./Build/Libraries/PY32F002B_HAL_Driver/Src/py32f002b_hal_comp.o
 .data          0x0000000000000000        0x0 ./Build/Libraries/PY32F002B_HAL_Driver/Src/py32f002b_hal_comp.o
 .bss           0x0000000000000000        0x0 ./Build/Libraries/PY32F002B_HAL_Driver/Src/py32f002b_hal_comp.o
 .debug_info    0x0000000000000000       0x6b ./Build/Libraries/PY32F002B_HAL_Driver/Src/py32f002b_hal_comp.o
 .debug_abbrev  0x0000000000000000       0x26 ./Build/Libraries/PY32F002B_HAL_Driver/Src/py32f002b_hal_comp.o
 .debug_aranges
                0x0000000000000000       0x18 ./Build/Libraries/PY32F002B_HAL_Driver/Src/py32f002b_hal_comp.o
 .debug_line    0x0000000000000000       0x1d ./Build/Libraries/PY32F002B_HAL_Driver/Src/py32f002b_hal_comp.o
 .debug_str     0x0000000000000000      0x18c ./Build/Libraries/PY32F002B_HAL_Driver/Src/py32f002b_hal_comp.o
 .comment       0x0000000000000000       0x4a ./Build/Libraries/PY32F002B_HAL_Driver/Src/py32f002b_hal_comp.o
 .ARM.attributes
                0x0000000000000000       0x2c ./Build/Libraries/PY32F002B_HAL_Driver/Src/py32f002b_hal_comp.o
 .text          0x0000000000000000        0x0 ./Build/Libraries/PY32F002B_HAL_Driver/Src/py32f002b_hal_spi.o
 .data          0x0000000000000000        0x0 ./Build/Libraries/PY32F002B_HAL_Driver/Src/py32f002b_hal_spi.o
 .bss           0x0000000000000000        0x0 ./Build/Libraries/PY32F002B_HAL_Driver/Src/py32f002b_hal_spi.o
 .debug_info    0x0000000000000000       0x6b ./Build/Libraries/PY32F002B_HAL_Driver/Src/py32f002b_hal_spi.o
 .debug_abbrev  0x0000000000000000       0x26 ./Build/Libraries/PY32F002B_HAL_Driver/Src/py32f002b_hal_spi.o
 .debug_aranges
                0x0000000000000000       0x18 ./Build/Libraries/PY32F002B_HAL_Driver/Src/py32f002b_hal_spi.o
 .debug_line    0x0000000000000000       0x1d ./Build/Libraries/PY32F002B_HAL_Driver/Src/py32f002b_hal_spi.o
 .debug_str     0x0000000000000000      0x18b ./Build/Libraries/PY32F002B_HAL_Driver/Src/py32f002b_hal_spi.o
 .comment       0x0000000000000000       0x4a ./Build/Libraries/PY32F002B_HAL_Driver/Src/py32f002b_hal_spi.o
 .ARM.attributes
                0x0000000000000000       0x2c ./Build/Libraries/PY32F002B_HAL_Driver/Src/py32f002b_hal_spi.o
 .text          0x0000000000000000        0x0 ./Build/Libraries/PY32F002B_HAL_Driver/Src/py32f002b_hal_usart.o
 .data          0x0000000000000000        0x0 ./Build/Libraries/PY32F002B_HAL_Driver/Src/py32f002b_hal_usart.o
 .bss           0x0000000000000000        0x0 ./Build/Libraries/PY32F002B_HAL_Driver/Src/py32f002b_hal_usart.o
 .debug_info    0x0000000000000000       0x6b ./Build/Libraries/PY32F002B_HAL_Driver/Src/py32f002b_hal_usart.o
 .debug_abbrev  0x0000000000000000       0x26 ./Build/Libraries/PY32F002B_HAL_Driver/Src/py32f002b_hal_usart.o
 .debug_aranges
                0x0000000000000000       0x18 ./Build/Libraries/PY32F002B_HAL_Driver/Src/py32f002b_hal_usart.o
 .debug_line    0x0000000000000000       0x1d ./Build/Libraries/PY32F002B_HAL_Driver/Src/py32f002b_hal_usart.o
 .debug_str     0x0000000000000000      0x18d ./Build/Libraries/PY32F002B_HAL_Driver/Src/py32f002b_hal_usart.o
 .comment       0x0000000000000000       0x4a ./Build/Libraries/PY32F002B_HAL_Driver/Src/py32f002b_hal_usart.o
 .ARM.attributes
                0x0000000000000000       0x2c ./Build/Libraries/PY32F002B_HAL_Driver/Src/py32f002b_hal_usart.o
 .text          0x0000000000000000        0x0 ./Build/Libraries/PY32F002B_HAL_Driver/Src/py32f002b_hal_gpio.o
 .data          0x0000000000000000        0x0 ./Build/Libraries/PY32F002B_HAL_Driver/Src/py32f002b_hal_gpio.o
 .bss           0x0000000000000000        0x0 ./Build/Libraries/PY32F002B_HAL_Driver/Src/py32f002b_hal_gpio.o
 .text.HAL_GPIO_DeInit
                0x0000000000000000       0xe4 ./Build/Libraries/PY32F002B_HAL_Driver/Src/py32f002b_hal_gpio.o
 .text.HAL_GPIO_ReadPin
                0x0000000000000000        0xe ./Build/Libraries/PY32F002B_HAL_Driver/Src/py32f002b_hal_gpio.o
 .text.HAL_GPIO_WritePin
                0x0000000000000000        0xc ./Build/Libraries/PY32F002B_HAL_Driver/Src/py32f002b_hal_gpio.o
 .text.HAL_GPIO_TogglePin
                0x0000000000000000        0xe ./Build/Libraries/PY32F002B_HAL_Driver/Src/py32f002b_hal_gpio.o
 .text.HAL_GPIO_LockPin
                0x0000000000000000       0x2c ./Build/Libraries/PY32F002B_HAL_Driver/Src/py32f002b_hal_gpio.o
 .text.HAL_GPIO_EXTI_Callback
                0x0000000000000000        0x2 ./Build/Libraries/PY32F002B_HAL_Driver/Src/py32f002b_hal_gpio.o
 .text.HAL_GPIO_EXTI_IRQHandler
                0x0000000000000000       0x1c ./Build/Libraries/PY32F002B_HAL_Driver/Src/py32f002b_hal_gpio.o
 .text          0x0000000000000000        0x0 ./Build/Libraries/PY32F002B_HAL_BSP/Src/py32f002b_bsp_printf.o
 .data          0x0000000000000000        0x0 ./Build/Libraries/PY32F002B_HAL_BSP/Src/py32f002b_bsp_printf.o
 .bss           0x0000000000000000        0x0 ./Build/Libraries/PY32F002B_HAL_BSP/Src/py32f002b_bsp_printf.o
 .text.BSP_USART_Config
                0x0000000000000000       0xa0 ./Build/Libraries/PY32F002B_HAL_BSP/Src/py32f002b_bsp_printf.o
 .text.__io_putchar
                0x0000000000000000       0x20 ./Build/Libraries/PY32F002B_HAL_BSP/Src/py32f002b_bsp_printf.o
 .text.__io_getchar
                0x0000000000000000       0x1c ./Build/Libraries/PY32F002B_HAL_BSP/Src/py32f002b_bsp_printf.o
 .text._write   0x0000000000000000       0x1c ./Build/Libraries/PY32F002B_HAL_BSP/Src/py32f002b_bsp_printf.o
 .text._read    0x0000000000000000       0x1c ./Build/Libraries/PY32F002B_HAL_BSP/Src/py32f002b_bsp_printf.o
 .text._isatty  0x0000000000000000       0x16 ./Build/Libraries/PY32F002B_HAL_BSP/Src/py32f002b_bsp_printf.o
 .text._close   0x0000000000000000       0x18 ./Build/Libraries/PY32F002B_HAL_BSP/Src/py32f002b_bsp_printf.o
 .text._lseek   0x0000000000000000       0x10 ./Build/Libraries/PY32F002B_HAL_BSP/Src/py32f002b_bsp_printf.o
 .text._fstat   0x0000000000000000       0x1a ./Build/Libraries/PY32F002B_HAL_BSP/Src/py32f002b_bsp_printf.o
 .text._getpid  0x0000000000000000       0x10 ./Build/Libraries/PY32F002B_HAL_BSP/Src/py32f002b_bsp_printf.o
 .text._kill    0x0000000000000000       0x10 ./Build/Libraries/PY32F002B_HAL_BSP/Src/py32f002b_bsp_printf.o
 .bss.DebugUartHandle
                0x0000000000000000       0x44 ./Build/Libraries/PY32F002B_HAL_BSP/Src/py32f002b_bsp_printf.o
 .debug_info    0x0000000000000000      0xcf6 ./Build/Libraries/PY32F002B_HAL_BSP/Src/py32f002b_bsp_printf.o
 .debug_abbrev  0x0000000000000000      0x220 ./Build/Libraries/PY32F002B_HAL_BSP/Src/py32f002b_bsp_printf.o
 .debug_loc     0x0000000000000000      0x33f ./Build/Libraries/PY32F002B_HAL_BSP/Src/py32f002b_bsp_printf.o
 .debug_aranges
                0x0000000000000000       0x70 ./Build/Libraries/PY32F002B_HAL_BSP/Src/py32f002b_bsp_printf.o
 .debug_ranges  0x0000000000000000       0x60 ./Build/Libraries/PY32F002B_HAL_BSP/Src/py32f002b_bsp_printf.o
 .debug_line    0x0000000000000000      0x51c ./Build/Libraries/PY32F002B_HAL_BSP/Src/py32f002b_bsp_printf.o
 .debug_str     0x0000000000000000      0x851 ./Build/Libraries/PY32F002B_HAL_BSP/Src/py32f002b_bsp_printf.o
 .comment       0x0000000000000000       0x4a ./Build/Libraries/PY32F002B_HAL_BSP/Src/py32f002b_bsp_printf.o
 .debug_frame   0x0000000000000000      0x124 ./Build/Libraries/PY32F002B_HAL_BSP/Src/py32f002b_bsp_printf.o
 .ARM.attributes
                0x0000000000000000       0x2c ./Build/Libraries/PY32F002B_HAL_BSP/Src/py32f002b_bsp_printf.o
 .text          0x0000000000000000        0x0 ./Build/Libraries/CMSIS/Device/PY32F0xx/Source/system_py32f002b.o
 .data          0x0000000000000000        0x0 ./Build/Libraries/CMSIS/Device/PY32F0xx/Source/system_py32f002b.o
 .bss           0x0000000000000000        0x0 ./Build/Libraries/CMSIS/Device/PY32F0xx/Source/system_py32f002b.o
 .text.SystemCoreClockUpdate
                0x0000000000000000       0x7c ./Build/Libraries/CMSIS/Device/PY32F0xx/Source/system_py32f002b.o
 .rodata.AHBPrescTable
                0x0000000000000000       0x40 ./Build/Libraries/CMSIS/Device/PY32F0xx/Source/system_py32f002b.o
 .rodata.HSIFreqTable
                0x0000000000000000       0x20 ./Build/Libraries/CMSIS/Device/PY32F0xx/Source/system_py32f002b.o
 .text          0x0000000000000000       0x14 ./Build/Libraries/CMSIS/Device/PY32F0xx/Source/gcc/startup_py32f002b.o
 .data          0x0000000000000000        0x0 ./Build/Libraries/CMSIS/Device/PY32F0xx/Source/gcc/startup_py32f002b.o
 .bss           0x0000000000000000        0x0 ./Build/Libraries/CMSIS/Device/PY32F0xx/Source/gcc/startup_py32f002b.o
 .data          0x0000000000000000        0x0 /opt/homebrew/Cellar/arm-none-eabi-gcc/10.3-2021.10/gcc/bin/../lib/gcc/arm-none-eabi/10.3.1/thumb/v6-m/nofp/libgcc.a(_udivsi3.o)
 .bss           0x0000000000000000        0x0 /opt/homebrew/Cellar/arm-none-eabi-gcc/10.3-2021.10/gcc/bin/../lib/gcc/arm-none-eabi/10.3.1/thumb/v6-m/nofp/libgcc.a(_udivsi3.o)
 .data          0x0000000000000000        0x0 /opt/homebrew/Cellar/arm-none-eabi-gcc/10.3-2021.10/gcc/bin/../lib/gcc/arm-none-eabi/10.3.1/thumb/v6-m/nofp/libgcc.a(_dvmd_tls.o)
 .bss           0x0000000000000000        0x0 /opt/homebrew/Cellar/arm-none-eabi-gcc/10.3-2021.10/gcc/bin/../lib/gcc/arm-none-eabi/10.3.1/thumb/v6-m/nofp/libgcc.a(_dvmd_tls.o)
 .text          0x0000000000000000        0x0 /opt/homebrew/Cellar/arm-none-eabi-gcc/10.3-2021.10/gcc/bin/../lib/gcc/arm-none-eabi/10.3.1/../../../../arm-none-eabi/lib/thumb/v6-m/nofp/libc_nano.a(lib_a-errno.o)
 .data          0x0000000000000000        0x0 /opt/homebrew/Cellar/arm-none-eabi-gcc/10.3-2021.10/gcc/bin/../lib/gcc/arm-none-eabi/10.3.1/../../../../arm-none-eabi/lib/thumb/v6-m/nofp/libc_nano.a(lib_a-errno.o)
 .bss           0x0000000000000000        0x0 /opt/homebrew/Cellar/arm-none-eabi-gcc/10.3-2021.10/gcc/bin/../lib/gcc/arm-none-eabi/10.3.1/../../../../arm-none-eabi/lib/thumb/v6-m/nofp/libc_nano.a(lib_a-errno.o)
 .text.__errno  0x0000000000000000        0xc /opt/homebrew/Cellar/arm-none-eabi-gcc/10.3-2021.10/gcc/bin/../lib/gcc/arm-none-eabi/10.3.1/../../../../arm-none-eabi/lib/thumb/v6-m/nofp/libc_nano.a(lib_a-errno.o)
 .debug_frame   0x0000000000000000       0x20 /opt/homebrew/Cellar/arm-none-eabi-gcc/10.3-2021.10/gcc/bin/../lib/gcc/arm-none-eabi/10.3.1/../../../../arm-none-eabi/lib/thumb/v6-m/nofp/libc_nano.a(lib_a-errno.o)
 .ARM.attributes
                0x0000000000000000       0x2c /opt/homebrew/Cellar/arm-none-eabi-gcc/10.3-2021.10/gcc/bin/../lib/gcc/arm-none-eabi/10.3.1/../../../../arm-none-eabi/lib/thumb/v6-m/nofp/libc_nano.a(lib_a-errno.o)
 .text          0x0000000000000000        0x0 /opt/homebrew/Cellar/arm-none-eabi-gcc/10.3-2021.10/gcc/bin/../lib/gcc/arm-none-eabi/10.3.1/../../../../arm-none-eabi/lib/thumb/v6-m/nofp/libnosys.a(_exit.o)
 .data          0x0000000000000000        0x0 /opt/homebrew/Cellar/arm-none-eabi-gcc/10.3-2021.10/gcc/bin/../lib/gcc/arm-none-eabi/10.3.1/../../../../arm-none-eabi/lib/thumb/v6-m/nofp/libnosys.a(_exit.o)
 .bss           0x0000000000000000        0x0 /opt/homebrew/Cellar/arm-none-eabi-gcc/10.3-2021.10/gcc/bin/../lib/gcc/arm-none-eabi/10.3.1/../../../../arm-none-eabi/lib/thumb/v6-m/nofp/libnosys.a(_exit.o)
 .text._exit    0x0000000000000000        0x4 /opt/homebrew/Cellar/arm-none-eabi-gcc/10.3-2021.10/gcc/bin/../lib/gcc/arm-none-eabi/10.3.1/../../../../arm-none-eabi/lib/thumb/v6-m/nofp/libnosys.a(_exit.o)
 .debug_frame   0x0000000000000000       0x20 /opt/homebrew/Cellar/arm-none-eabi-gcc/10.3-2021.10/gcc/bin/../lib/gcc/arm-none-eabi/10.3.1/../../../../arm-none-eabi/lib/thumb/v6-m/nofp/libnosys.a(_exit.o)
 .ARM.attributes
                0x0000000000000000       0x2c /opt/homebrew/Cellar/arm-none-eabi-gcc/10.3-2021.10/gcc/bin/../lib/gcc/arm-none-eabi/10.3.1/../../../../arm-none-eabi/lib/thumb/v6-m/nofp/libnosys.a(_exit.o)
 .text          0x0000000000000000        0x0 /opt/homebrew/Cellar/arm-none-eabi-gcc/10.3-2021.10/gcc/bin/../lib/gcc/arm-none-eabi/10.3.1/thumb/v6-m/nofp/crtend.o
 .data          0x0000000000000000        0x0 /opt/homebrew/Cellar/arm-none-eabi-gcc/10.3-2021.10/gcc/bin/../lib/gcc/arm-none-eabi/10.3.1/thumb/v6-m/nofp/crtend.o
 .bss           0x0000000000000000        0x0 /opt/homebrew/Cellar/arm-none-eabi-gcc/10.3-2021.10/gcc/bin/../lib/gcc/arm-none-eabi/10.3.1/thumb/v6-m/nofp/crtend.o
 .rodata        0x0000000000000000       0x24 /opt/homebrew/Cellar/arm-none-eabi-gcc/10.3-2021.10/gcc/bin/../lib/gcc/arm-none-eabi/10.3.1/thumb/v6-m/nofp/crtend.o
 .eh_frame      0x0000000000000000        0x4 /opt/homebrew/Cellar/arm-none-eabi-gcc/10.3-2021.10/gcc/bin/../lib/gcc/arm-none-eabi/10.3.1/thumb/v6-m/nofp/crtend.o
 .ARM.attributes
                0x0000000000000000       0x2c /opt/homebrew/Cellar/arm-none-eabi-gcc/10.3-2021.10/gcc/bin/../lib/gcc/arm-none-eabi/10.3.1/thumb/v6-m/nofp/crtend.o
 .text          0x0000000000000000        0x0 /opt/homebrew/Cellar/arm-none-eabi-gcc/10.3-2021.10/gcc/bin/../lib/gcc/arm-none-eabi/10.3.1/thumb/v6-m/nofp/crtn.o
 .data          0x0000000000000000        0x0 /opt/homebrew/Cellar/arm-none-eabi-gcc/10.3-2021.10/gcc/bin/../lib/gcc/arm-none-eabi/10.3.1/thumb/v6-m/nofp/crtn.o
 .bss           0x0000000000000000        0x0 /opt/homebrew/Cellar/arm-none-eabi-gcc/10.3-2021.10/gcc/bin/../lib/gcc/arm-none-eabi/10.3.1/thumb/v6-m/nofp/crtn.o

Memory Configuration

Name             Origin             Length             Attributes
RAM              0x0000000020000000 0x0000000000000c00 xrw
FLASH            0x0000000008000000 0x0000000000006000 xr
*default*        0x0000000000000000 0xffffffffffffffff

Linker script and memory map

LOAD /opt/homebrew/Cellar/arm-none-eabi-gcc/10.3-2021.10/gcc/bin/../lib/gcc/arm-none-eabi/10.3.1/thumb/v6-m/nofp/crti.o
LOAD /opt/homebrew/Cellar/arm-none-eabi-gcc/10.3-2021.10/gcc/bin/../lib/gcc/arm-none-eabi/10.3.1/thumb/v6-m/nofp/crtbegin.o
LOAD /opt/homebrew/Cellar/arm-none-eabi-gcc/10.3-2021.10/gcc/bin/../lib/gcc/arm-none-eabi/10.3.1/../../../../arm-none-eabi/lib/thumb/v6-m/nofp/crt0.o
LOAD /opt/homebrew/Cellar/arm-none-eabi-gcc/10.3-2021.10/gcc/bin/../lib/gcc/arm-none-eabi/10.3.1/../../../../arm-none-eabi/lib/thumb/v6-m/nofp/libc_nano.a
LOAD /opt/homebrew/Cellar/arm-none-eabi-gcc/10.3-2021.10/gcc/bin/../lib/gcc/arm-none-eabi/10.3.1/../../../../arm-none-eabi/lib/thumb/v6-m/nofp/libm.a
LOAD ./Build/User/py32f002b_hal_msp.o
LOAD ./Build/User/py32f002b_it.o
LOAD ./Build/User/main.o
LOAD ./Build/Libraries/PY32F002B_HAL_Driver/Src/py32f002b_hal_cortex.o
LOAD ./Build/Libraries/PY32F002B_HAL_Driver/Src/py32f002b_hal_lptim.o
LOAD ./Build/Libraries/PY32F002B_HAL_Driver/Src/py32f002b_hal_rcc_ex.o
LOAD ./Build/Libraries/PY32F002B_HAL_Driver/Src/py32f002b_hal_iwdg.o
LOAD ./Build/Libraries/PY32F002B_HAL_Driver/Src/py32f002b_hal_uart.o
LOAD ./Build/Libraries/PY32F002B_HAL_Driver/Src/py32f002b_hal_crc.o
LOAD ./Build/Libraries/PY32F002B_HAL_Driver/Src/py32f002b_hal_exti.o
LOAD ./Build/Libraries/PY32F002B_HAL_Driver/Src/py32f002b_hal_tim_ex.o
LOAD ./Build/Libraries/PY32F002B_HAL_Driver/Src/py32f002b_hal_pwr.o
LOAD ./Build/Libraries/PY32F002B_HAL_Driver/Src/py32f002b_hal_flash.o
LOAD ./Build/Libraries/PY32F002B_HAL_Driver/Src/py32f002b_hal_adc.o
LOAD ./Build/Libraries/PY32F002B_HAL_Driver/Src/py32f002b_hal_i2c.o
LOAD ./Build/Libraries/PY32F002B_HAL_Driver/Src/py32f002b_hal.o
LOAD ./Build/Libraries/PY32F002B_HAL_Driver/Src/py32f002b_hal_rcc.o
LOAD ./Build/Libraries/PY32F002B_HAL_Driver/Src/py32f002b_hal_tim.o
LOAD ./Build/Libraries/PY32F002B_HAL_Driver/Src/py32f002b_hal_comp.o
LOAD ./Build/Libraries/PY32F002B_HAL_Driver/Src/py32f002b_hal_spi.o
LOAD ./Build/Libraries/PY32F002B_HAL_Driver/Src/py32f002b_hal_usart.o
LOAD ./Build/Libraries/PY32F002B_HAL_Driver/Src/py32f002b_hal_gpio.o
LOAD ./Build/Libraries/PY32F002B_HAL_BSP/Src/py32f002b_bsp_printf.o
LOAD ./Build/Libraries/CMSIS/Device/PY32F0xx/Source/system_py32f002b.o
LOAD ./Build/Libraries/CMSIS/Device/PY32F0xx/Source/gcc/startup_py32f002b.o
START GROUP
LOAD /opt/homebrew/Cellar/arm-none-eabi-gcc/10.3-2021.10/gcc/bin/../lib/gcc/arm-none-eabi/10.3.1/thumb/v6-m/nofp/libgcc.a
LOAD /opt/homebrew/Cellar/arm-none-eabi-gcc/10.3-2021.10/gcc/bin/../lib/gcc/arm-none-eabi/10.3.1/../../../../arm-none-eabi/lib/thumb/v6-m/nofp/libc_nano.a
END GROUP
START GROUP
LOAD /opt/homebrew/Cellar/arm-none-eabi-gcc/10.3-2021.10/gcc/bin/../lib/gcc/arm-none-eabi/10.3.1/thumb/v6-m/nofp/libgcc.a
LOAD /opt/homebrew/Cellar/arm-none-eabi-gcc/10.3-2021.10/gcc/bin/../lib/gcc/arm-none-eabi/10.3.1/../../../../arm-none-eabi/lib/thumb/v6-m/nofp/libc_nano.a
LOAD /opt/homebrew/Cellar/arm-none-eabi-gcc/10.3-2021.10/gcc/bin/../lib/gcc/arm-none-eabi/10.3.1/../../../../arm-none-eabi/lib/thumb/v6-m/nofp/libnosys.a
END GROUP
START GROUP
LOAD /opt/homebrew/Cellar/arm-none-eabi-gcc/10.3-2021.10/gcc/bin/../lib/gcc/arm-none-eabi/10.3.1/thumb/v6-m/nofp/libgcc.a
LOAD /opt/homebrew/Cellar/arm-none-eabi-gcc/10.3-2021.10/gcc/bin/../lib/gcc/arm-none-eabi/10.3.1/../../../../arm-none-eabi/lib/thumb/v6-m/nofp/libc_nano.a
LOAD /opt/homebrew/Cellar/arm-none-eabi-gcc/10.3-2021.10/gcc/bin/../lib/gcc/arm-none-eabi/10.3.1/../../../../arm-none-eabi/lib/thumb/v6-m/nofp/libnosys.a
END GROUP
LOAD /opt/homebrew/Cellar/arm-none-eabi-gcc/10.3-2021.10/gcc/bin/../lib/gcc/arm-none-eabi/10.3.1/thumb/v6-m/nofp/crtend.o
LOAD /opt/homebrew/Cellar/arm-none-eabi-gcc/10.3-2021.10/gcc/bin/../lib/gcc/arm-none-eabi/10.3.1/thumb/v6-m/nofp/crtn.o
                0x0000000020000c00                _estack = (ORIGIN (RAM) + LENGTH (RAM))
                0x0000000000000100                _Min_Heap_Size = 0x100
                0x0000000000000200                _Min_Stack_Size = 0x200

.ram_vector
 *(.ram_vector)

.isr_vector     0x0000000008000000       0xc0
                0x0000000008000000                . = ALIGN (0x4)
 *(.isr_vector)
 .isr_vector    0x0000000008000000       0xc0 ./Build/Libraries/CMSIS/Device/PY32F0xx/Source/gcc/startup_py32f002b.o
                0x0000000008000000                g_pfnVectors
                0x00000000080000c0                . = ALIGN (0x4)

.text           0x00000000080000c0      0xd04
                0x00000000080000c0                . = ALIGN (0x4)
 *(.text)
 .text          0x00000000080000c0       0x48 /opt/homebrew/Cellar/arm-none-eabi-gcc/10.3-2021.10/gcc/bin/../lib/gcc/arm-none-eabi/10.3.1/thumb/v6-m/nofp/crtbegin.o
 .text          0x0000000008000108      0x114 /opt/homebrew/Cellar/arm-none-eabi-gcc/10.3-2021.10/gcc/bin/../lib/gcc/arm-none-eabi/10.3.1/thumb/v6-m/nofp/libgcc.a(_udivsi3.o)
                0x0000000008000108                __udivsi3
                0x0000000008000108                __aeabi_uidiv
                0x0000000008000214                __aeabi_uidivmod
 .text          0x000000000800021c        0x4 /opt/homebrew/Cellar/arm-none-eabi-gcc/10.3-2021.10/gcc/bin/../lib/gcc/arm-none-eabi/10.3.1/thumb/v6-m/nofp/libgcc.a(_dvmd_tls.o)
                0x000000000800021c                __aeabi_ldiv0
                0x000000000800021c                __aeabi_idiv0
 *(.text*)
 .text.__libc_init_array
                0x0000000008000220       0x48 /opt/homebrew/Cellar/arm-none-eabi-gcc/10.3-2021.10/gcc/bin/../lib/gcc/arm-none-eabi/10.3.1/../../../../arm-none-eabi/lib/thumb/v6-m/nofp/libc_nano.a(lib_a-init.o)
                0x0000000008000220                __libc_init_array
 .text.memset   0x0000000008000268       0x10 /opt/homebrew/Cellar/arm-none-eabi-gcc/10.3-2021.10/gcc/bin/../lib/gcc/arm-none-eabi/10.3.1/../../../../arm-none-eabi/lib/thumb/v6-m/nofp/libc_nano.a(lib_a-memset.o)
                0x0000000008000268                memset
 .text.HAL_MspInit
                0x0000000008000278       0x30 ./Build/User/py32f002b_hal_msp.o
                0x0000000008000278                HAL_MspInit
 .text.HAL_I2C_MspInit
                0x00000000080002a8       0x6c ./Build/User/py32f002b_hal_msp.o
                0x00000000080002a8                HAL_I2C_MspInit
 .text.NMI_Handler
                0x0000000008000314        0x2 ./Build/User/py32f002b_it.o
                0x0000000008000314                NMI_Handler
 .text.HardFault_Handler
                0x0000000008000316        0x2 ./Build/User/py32f002b_it.o
                0x0000000008000316                HardFault_Handler
 .text.SVC_Handler
                0x0000000008000318        0x2 ./Build/User/py32f002b_it.o
                0x0000000008000318                SVC_Handler
 .text.PendSV_Handler
                0x000000000800031a        0x2 ./Build/User/py32f002b_it.o
                0x000000000800031a                PendSV_Handler
 .text.SysTick_Handler
                0x000000000800031c        0x8 ./Build/User/py32f002b_it.o
                0x000000000800031c                SysTick_Handler
 .text.APP_ErrorHandler
                0x0000000008000324        0x2 ./Build/User/main.o
                0x0000000008000324                APP_ErrorHandler
 *fill*         0x0000000008000326        0x2 
 .text.main     0x0000000008000328      0x100 ./Build/User/main.o
                0x0000000008000328                main
 .text.HAL_NVIC_SetPriority
                0x0000000008000428       0x60 ./Build/Libraries/PY32F002B_HAL_Driver/Src/py32f002b_hal_cortex.o
                0x0000000008000428                HAL_NVIC_SetPriority
 .text.HAL_SYSTICK_Config
                0x0000000008000488       0x38 ./Build/Libraries/PY32F002B_HAL_Driver/Src/py32f002b_hal_cortex.o
                0x0000000008000488                HAL_SYSTICK_Config
 .text.I2C_IsAcknowledgeFailed
                0x00000000080004c0       0x34 ./Build/Libraries/PY32F002B_HAL_Driver/Src/py32f002b_hal_i2c.o
 .text.I2C_WaitOnFlagUntilTimeout
                0x00000000080004f4       0x76 ./Build/Libraries/PY32F002B_HAL_Driver/Src/py32f002b_hal_i2c.o
 *fill*         0x000000000800056a        0x2 
 .text.I2C_WaitOnMasterAddressFlagUntilTimeout
                0x000000000800056c       0xac ./Build/Libraries/PY32F002B_HAL_Driver/Src/py32f002b_hal_i2c.o
 .text.I2C_WaitOnTXEFlagUntilTimeout
                0x0000000008000618       0x50 ./Build/Libraries/PY32F002B_HAL_Driver/Src/py32f002b_hal_i2c.o
 .text.I2C_RequestMemoryWrite
                0x0000000008000668       0xe4 ./Build/Libraries/PY32F002B_HAL_Driver/Src/py32f002b_hal_i2c.o
 .text.I2C_WaitOnBTFFlagUntilTimeout
                0x000000000800074c       0x50 ./Build/Libraries/PY32F002B_HAL_Driver/Src/py32f002b_hal_i2c.o
 .text.HAL_I2C_Init
                0x000000000800079c      0x1b0 ./Build/Libraries/PY32F002B_HAL_Driver/Src/py32f002b_hal_i2c.o
                0x000000000800079c                HAL_I2C_Init
 .text.HAL_I2C_Mem_Write
                0x000000000800094c      0x164 ./Build/Libraries/PY32F002B_HAL_Driver/Src/py32f002b_hal_i2c.o
                0x000000000800094c                HAL_I2C_Mem_Write
 .text.HAL_InitTick
                0x0000000008000ab0       0x58 ./Build/Libraries/PY32F002B_HAL_Driver/Src/py32f002b_hal.o
                0x0000000008000ab0                HAL_InitTick
 .text.HAL_Init
                0x0000000008000b08       0x18 ./Build/Libraries/PY32F002B_HAL_Driver/Src/py32f002b_hal.o
                0x0000000008000b08                HAL_Init
 .text.HAL_IncTick
                0x0000000008000b20       0x18 ./Build/Libraries/PY32F002B_HAL_Driver/Src/py32f002b_hal.o
                0x0000000008000b20                HAL_IncTick
 .text.HAL_GetTick
                0x0000000008000b38        0xc ./Build/Libraries/PY32F002B_HAL_Driver/Src/py32f002b_hal.o
                0x0000000008000b38                HAL_GetTick
 .text.HAL_RCC_GetHCLKFreq
                0x0000000008000b44        0xc ./Build/Libraries/PY32F002B_HAL_Driver/Src/py32f002b_hal_rcc.o
                0x0000000008000b44                HAL_RCC_GetHCLKFreq
 .text.HAL_RCC_GetPCLK1Freq
                0x0000000008000b50       0x28 ./Build/Libraries/PY32F002B_HAL_Driver/Src/py32f002b_hal_rcc.o
                0x0000000008000b50                HAL_RCC_GetPCLK1Freq
 .text.HAL_GPIO_Init
                0x0000000008000b78      0x17c ./Build/Libraries/PY32F002B_HAL_Driver/Src/py32f002b_hal_gpio.o
                0x0000000008000b78                HAL_GPIO_Init
 .text.DelayTime
                0x0000000008000cf4       0x1c ./Build/Libraries/CMSIS/Device/PY32F0xx/Source/system_py32f002b.o
 .text.SystemInit
                0x0000000008000d10       0x48 ./Build/Libraries/CMSIS/Device/PY32F0xx/Source/system_py32f002b.o
                0x0000000008000d10                SystemInit
 .text.Reset_Handler
                0x0000000008000d58       0x50 ./Build/Libraries/CMSIS/Device/PY32F0xx/Source/gcc/startup_py32f002b.o
                0x0000000008000d58                Reset_Handler
 .text.Default_Handler
                0x0000000008000da8        0x2 ./Build/Libraries/CMSIS/Device/PY32F0xx/Source/gcc/startup_py32f002b.o
                0x0000000008000da8                LPTIM1_IRQHandler
                0x0000000008000da8                I2C1_IRQHandler
                0x0000000008000da8                SPI1_IRQHandler
                0x0000000008000da8                EXTI2_3_IRQHandler
                0x0000000008000da8                EXTI4_15_IRQHandler
                0x0000000008000da8                RCC_IRQHandler
                0x0000000008000da8                Default_Handler
                0x0000000008000da8                TIM14_IRQHandler
                0x0000000008000da8                EXTI0_1_IRQHandler
                0x0000000008000da8                ADC_COMP_IRQHandler
                0x0000000008000da8                FLASH_IRQHandler
                0x0000000008000da8                USART1_IRQHandler
                0x0000000008000da8                TIM1_BRK_UP_TRG_COM_IRQHandler
                0x0000000008000da8                TIM1_CC_IRQHandler
 *(.glue_7)
 .glue_7        0x0000000008000daa        0x0 linker stubs
 *(.glue_7t)
 .glue_7t       0x0000000008000daa        0x0 linker stubs
 *(.eh_frame)
 *fill*         0x0000000008000daa        0x2 
 .eh_frame      0x0000000008000dac        0x0 /opt/homebrew/Cellar/arm-none-eabi-gcc/10.3-2021.10/gcc/bin/../lib/gcc/arm-none-eabi/10.3.1/thumb/v6-m/nofp/crtbegin.o
 *(.init)
 .init          0x0000000008000dac        0x4 /opt/homebrew/Cellar/arm-none-eabi-gcc/10.3-2021.10/gcc/bin/../lib/gcc/arm-none-eabi/10.3.1/thumb/v6-m/nofp/crti.o
                0x0000000008000dac                _init
 .init          0x0000000008000db0        0x8 /opt/homebrew/Cellar/arm-none-eabi-gcc/10.3-2021.10/gcc/bin/../lib/gcc/arm-none-eabi/10.3.1/thumb/v6-m/nofp/crtn.o
 *(.fini)
 .fini          0x0000000008000db8        0x4 /opt/homebrew/Cellar/arm-none-eabi-gcc/10.3-2021.10/gcc/bin/../lib/gcc/arm-none-eabi/10.3.1/thumb/v6-m/nofp/crti.o
                0x0000000008000db8                _fini
 .fini          0x0000000008000dbc        0x8 /opt/homebrew/Cellar/arm-none-eabi-gcc/10.3-2021.10/gcc/bin/../lib/gcc/arm-none-eabi/10.3.1/thumb/v6-m/nofp/crtn.o
                0x0000000008000dc4                . = ALIGN (0x4)
                0x0000000008000dc4                _etext = .

.vfp11_veneer   0x0000000008000dc4        0x0
 .vfp11_veneer  0x0000000008000dc4        0x0 linker stubs

.v4_bx          0x0000000008000dc4        0x0
 .v4_bx         0x0000000008000dc4        0x0 linker stubs

.iplt           0x0000000008000dc4        0x0
 .iplt          0x0000000008000dc4        0x0 /opt/homebrew/Cellar/arm-none-eabi-gcc/10.3-2021.10/gcc/bin/../lib/gcc/arm-none-eabi/10.3.1/thumb/v6-m/nofp/crtbegin.o

.rodata         0x0000000008000dc4       0x38
                0x0000000008000dc4                . = ALIGN (0x4)
 *(.rodata)
 .rodata        0x0000000008000dc4       0x12 ./Build/User/main.o
 *(.rodata*)
 *fill*         0x0000000008000dd6        0x2 
 .rodata.main.str1.4
                0x0000000008000dd8        0x2 ./Build/User/main.o
 *fill*         0x0000000008000dda        0x2 
 .rodata.APBPrescTable
                0x0000000008000ddc       0x20 ./Build/Libraries/CMSIS/Device/PY32F0xx/Source/system_py32f002b.o
                0x0000000008000ddc                APBPrescTable
                0x0000000008000dfc                . = ALIGN (0x4)

.rel.dyn        0x0000000008000dfc        0x0
 .rel.iplt      0x0000000008000dfc        0x0 /opt/homebrew/Cellar/arm-none-eabi-gcc/10.3-2021.10/gcc/bin/../lib/gcc/arm-none-eabi/10.3.1/thumb/v6-m/nofp/crtbegin.o

.ARM.extab
 *(.ARM.extab* .gnu.linkonce.armextab.*)

.ARM            0x0000000008000dfc        0x0
                0x0000000008000dfc                __exidx_start = .
 *(.ARM.exidx*)
                0x0000000008000dfc                __exidx_end = .

.preinit_array  0x0000000008000dfc        0x0
                0x0000000008000dfc                PROVIDE (__preinit_array_start = .)
 *(.preinit_array*)
                0x0000000008000dfc                PROVIDE (__preinit_array_end = .)

.init_array     0x0000000008000dfc        0x4
                0x0000000008000dfc                PROVIDE (__init_array_start = .)
 *(SORT_BY_NAME(.init_array.*))
 *(.init_array*)
 .init_array    0x0000000008000dfc        0x4 /opt/homebrew/Cellar/arm-none-eabi-gcc/10.3-2021.10/gcc/bin/../lib/gcc/arm-none-eabi/10.3.1/thumb/v6-m/nofp/crtbegin.o
                0x0000000008000e00                PROVIDE (__init_array_end = .)

.fini_array     0x0000000008000e00        0x4
                [!provide]                        PROVIDE (__fini_array_start = .)
 *(SORT_BY_NAME(.fini_array.*))
 *(.fini_array*)
 .fini_array    0x0000000008000e00        0x4 /opt/homebrew/Cellar/arm-none-eabi-gcc/10.3-2021.10/gcc/bin/../lib/gcc/arm-none-eabi/10.3.1/thumb/v6-m/nofp/crtbegin.o
                [!provide]                        PROVIDE (__fini_array_end = .)
                0x0000000008000e04                _sidata = LOADADDR (.data)

.data           0x0000000020000000        0xc load address 0x0000000008000e04
                0x0000000020000000                . = ALIGN (0x4)
                0x0000000020000000                _sdata = .
 *(.data)
 *(.data*)
 .data.uwTickFreq
                0x0000000020000000        0x4 ./Build/Libraries/PY32F002B_HAL_Driver/Src/py32f002b_hal.o
                0x0000000020000000                uwTickFreq
 .data.uwTickPrio
                0x0000000020000004        0x4 ./Build/Libraries/PY32F002B_HAL_Driver/Src/py32f002b_hal.o
                0x0000000020000004                uwTickPrio
 .data.SystemCoreClock
                0x0000000020000008        0x4 ./Build/Libraries/CMSIS/Device/PY32F0xx/Source/system_py32f002b.o
                0x0000000020000008                SystemCoreClock
                0x000000002000000c                . = ALIGN (0x4)
                0x000000002000000c                _edata = .

.igot.plt       0x000000002000000c        0x0 load address 0x0000000008000e10
 .igot.plt      0x000000002000000c        0x0 /opt/homebrew/Cellar/arm-none-eabi-gcc/10.3-2021.10/gcc/bin/../lib/gcc/arm-none-eabi/10.3.1/thumb/v6-m/nofp/crtbegin.o
                0x000000002000000c                . = ALIGN (0x4)

.bss            0x000000002000000c       0x60 load address 0x0000000008000e10
                0x000000002000000c                _sbss = .
                0x000000002000000c                __bss_start__ = _sbss
 *(.bss)
 .bss           0x000000002000000c       0x1c /opt/homebrew/Cellar/arm-none-eabi-gcc/10.3-2021.10/gcc/bin/../lib/gcc/arm-none-eabi/10.3.1/thumb/v6-m/nofp/crtbegin.o
 *(.bss*)
 .bss.I2cHandle
                0x0000000020000028       0x40 ./Build/User/main.o
                0x0000000020000028                I2cHandle
 .bss.uwTick    0x0000000020000068        0x4 ./Build/Libraries/PY32F002B_HAL_Driver/Src/py32f002b_hal.o
                0x0000000020000068                uwTick
 *(COMMON)
                0x000000002000006c                . = ALIGN (0x4)
                0x000000002000006c                _ebss = .
                0x000000002000006c                __bss_end__ = _ebss

._user_heap_stack
                0x000000002000006c      0x304 load address 0x0000000008000e10
                0x0000000020000070                . = ALIGN (0x8)
 *fill*         0x000000002000006c        0x4 
                [!provide]                        PROVIDE (end = .)
                [!provide]                        PROVIDE (_end = .)
                0x0000000020000170                . = (. + _Min_Heap_Size)
 *fill*         0x0000000020000070      0x100 
                0x0000000020000370                . = (. + _Min_Stack_Size)
 *fill*         0x0000000020000170      0x200 
                0x0000000020000370                . = ALIGN (0x8)

/DISCARD/
 libc.a(*)
 libm.a(*)
 libgcc.a(*)

.ARM.attributes
                0x0000000000000000       0x28
 *(.ARM.attributes)
 .ARM.attributes
                0x0000000000000000       0x1e /opt/homebrew/Cellar/arm-none-eabi-gcc/10.3-2021.10/gcc/bin/../lib/gcc/arm-none-eabi/10.3.1/thumb/v6-m/nofp/crti.o
 .ARM.attributes
                0x000000000000001e       0x2c /opt/homebrew/Cellar/arm-none-eabi-gcc/10.3-2021.10/gcc/bin/../lib/gcc/arm-none-eabi/10.3.1/thumb/v6-m/nofp/crtbegin.o
 .ARM.attributes
                0x000000000000004a       0x2c /opt/homebrew/Cellar/arm-none-eabi-gcc/10.3-2021.10/gcc/bin/../lib/gcc/arm-none-eabi/10.3.1/../../../../arm-none-eabi/lib/thumb/v6-m/nofp/libc_nano.a(lib_a-init.o)
 .ARM.attributes
                0x0000000000000076       0x2c /opt/homebrew/Cellar/arm-none-eabi-gcc/10.3-2021.10/gcc/bin/../lib/gcc/arm-none-eabi/10.3.1/../../../../arm-none-eabi/lib/thumb/v6-m/nofp/libc_nano.a(lib_a-memset.o)
 .ARM.attributes
                0x00000000000000a2       0x2c ./Build/User/py32f002b_hal_msp.o
 .ARM.attributes
                0x00000000000000ce       0x2c ./Build/User/py32f002b_it.o
 .ARM.attributes
                0x00000000000000fa       0x2c ./Build/User/main.o
 .ARM.attributes
                0x0000000000000126       0x2c ./Build/Libraries/PY32F002B_HAL_Driver/Src/py32f002b_hal_cortex.o
 .ARM.attributes
                0x0000000000000152       0x2c ./Build/Libraries/PY32F002B_HAL_Driver/Src/py32f002b_hal_i2c.o
 .ARM.attributes
                0x000000000000017e       0x2c ./Build/Libraries/PY32F002B_HAL_Driver/Src/py32f002b_hal.o
 .ARM.attributes
                0x00000000000001aa       0x2c ./Build/Libraries/PY32F002B_HAL_Driver/Src/py32f002b_hal_rcc.o
 .ARM.attributes
                0x00000000000001d6       0x2c ./Build/Libraries/PY32F002B_HAL_Driver/Src/py32f002b_hal_gpio.o
 .ARM.attributes
                0x0000000000000202       0x2c ./Build/Libraries/CMSIS/Device/PY32F0xx/Source/system_py32f002b.o
 .ARM.attributes
                0x000000000000022e       0x22 ./Build/Libraries/CMSIS/Device/PY32F0xx/Source/gcc/startup_py32f002b.o
 .ARM.attributes
                0x0000000000000250       0x1e /opt/homebrew/Cellar/arm-none-eabi-gcc/10.3-2021.10/gcc/bin/../lib/gcc/arm-none-eabi/10.3.1/thumb/v6-m/nofp/libgcc.a(_udivsi3.o)
 .ARM.attributes
                0x000000000000026e       0x1e /opt/homebrew/Cellar/arm-none-eabi-gcc/10.3-2021.10/gcc/bin/../lib/gcc/arm-none-eabi/10.3.1/thumb/v6-m/nofp/libgcc.a(_dvmd_tls.o)
 .ARM.attributes
                0x000000000000028c       0x1e /opt/homebrew/Cellar/arm-none-eabi-gcc/10.3-2021.10/gcc/bin/../lib/gcc/arm-none-eabi/10.3.1/thumb/v6-m/nofp/crtn.o
OUTPUT(Build/app.elf elf32-littlearm)
LOAD linker stubs
LOAD /opt/homebrew/Cellar/arm-none-eabi-gcc/10.3-2021.10/gcc/bin/../lib/gcc/arm-none-eabi/10.3.1/../../../../arm-none-eabi/lib/thumb/v6-m/nofp/libc.a
LOAD /opt/homebrew/Cellar/arm-none-eabi-gcc/10.3-2021.10/gcc/bin/../lib/gcc/arm-none-eabi/10.3.1/../../../../arm-none-eabi/lib/thumb/v6-m/nofp/libm.a
LOAD /opt/homebrew/Cellar/arm-none-eabi-gcc/10.3-2021.10/gcc/bin/../lib/gcc/arm-none-eabi/10.3.1/thumb/v6-m/nofp/libgcc.a

.debug_frame    0x0000000000000000      0xd58
 .debug_frame   0x0000000000000000       0x2c /opt/homebrew/Cellar/arm-none-eabi-gcc/10.3-2021.10/gcc/bin/../lib/gcc/arm-none-eabi/10.3.1/../../../../arm-none-eabi/lib/thumb/v6-m/nofp/libc_nano.a(lib_a-init.o)
 .debug_frame   0x000000000000002c       0x20 /opt/homebrew/Cellar/arm-none-eabi-gcc/10.3-2021.10/gcc/bin/../lib/gcc/arm-none-eabi/10.3.1/../../../../arm-none-eabi/lib/thumb/v6-m/nofp/libc_nano.a(lib_a-memset.o)
 .debug_frame   0x000000000000004c       0x40 ./Build/User/py32f002b_hal_msp.o
 .debug_frame   0x000000000000008c       0x68 ./Build/User/py32f002b_it.o
 .debug_frame   0x00000000000000f4       0x48 ./Build/User/main.o
 .debug_frame   0x000000000000013c       0xe4 ./Build/Libraries/PY32F002B_HAL_Driver/Src/py32f002b_hal_cortex.o
 .debug_frame   0x0000000000000220      0x6a4 ./Build/Libraries/PY32F002B_HAL_Driver/Src/py32f002b_hal_i2c.o
 .debug_frame   0x00000000000008c4      0x21c ./Build/Libraries/PY32F002B_HAL_Driver/Src/py32f002b_hal.o
 .debug_frame   0x0000000000000ae0      0x144 ./Build/Libraries/PY32F002B_HAL_Driver/Src/py32f002b_hal_rcc.o
 .debug_frame   0x0000000000000c24       0xc8 ./Build/Libraries/PY32F002B_HAL_Driver/Src/py32f002b_hal_gpio.o
 .debug_frame   0x0000000000000cec       0x4c ./Build/Libraries/CMSIS/Device/PY32F0xx/Source/system_py32f002b.o
 .debug_frame   0x0000000000000d38       0x20 /opt/homebrew/Cellar/arm-none-eabi-gcc/10.3-2021.10/gcc/bin/../lib/gcc/arm-none-eabi/10.3.1/thumb/v6-m/nofp/libgcc.a(_udivsi3.o)

.debug_info     0x0000000000000000     0x620b
 .debug_info    0x0000000000000000      0x70f ./Build/User/py32f002b_hal_msp.o
 .debug_info    0x000000000000070f       0xfc ./Build/User/py32f002b_it.o
 .debug_info    0x000000000000080b      0x5f1 ./Build/User/main.o
 .debug_info    0x0000000000000dfc      0x824 ./Build/Libraries/PY32F002B_HAL_Driver/Src/py32f002b_hal_cortex.o
 .debug_info    0x0000000000001620     0x2d40 ./Build/Libraries/PY32F002B_HAL_Driver/Src/py32f002b_hal_i2c.o
 .debug_info    0x0000000000004360      0x9f2 ./Build/Libraries/PY32F002B_HAL_Driver/Src/py32f002b_hal.o
 .debug_info    0x0000000000004d52      0xaf0 ./Build/Libraries/PY32F002B_HAL_Driver/Src/py32f002b_hal_rcc.o
 .debug_info    0x0000000000005842      0x58d ./Build/Libraries/PY32F002B_HAL_Driver/Src/py32f002b_hal_gpio.o
 .debug_info    0x0000000000005dcf      0x41a ./Build/Libraries/CMSIS/Device/PY32F0xx/Source/system_py32f002b.o
 .debug_info    0x00000000000061e9       0x22 ./Build/Libraries/CMSIS/Device/PY32F0xx/Source/gcc/startup_py32f002b.o

.debug_abbrev   0x0000000000000000     0x1104
 .debug_abbrev  0x0000000000000000      0x19a ./Build/User/py32f002b_hal_msp.o
 .debug_abbrev  0x000000000000019a       0x81 ./Build/User/py32f002b_it.o
 .debug_abbrev  0x000000000000021b      0x1de ./Build/User/main.o
 .debug_abbrev  0x00000000000003f9      0x277 ./Build/Libraries/PY32F002B_HAL_Driver/Src/py32f002b_hal_cortex.o
 .debug_abbrev  0x0000000000000670      0x27a ./Build/Libraries/PY32F002B_HAL_Driver/Src/py32f002b_hal_i2c.o
 .debug_abbrev  0x00000000000008ea      0x289 ./Build/Libraries/PY32F002B_HAL_Driver/Src/py32f002b_hal.o
 .debug_abbrev  0x0000000000000b73      0x283 ./Build/Libraries/PY32F002B_HAL_Driver/Src/py32f002b_hal_rcc.o
 .debug_abbrev  0x0000000000000df6      0x18e ./Build/Libraries/PY32F002B_HAL_Driver/Src/py32f002b_hal_gpio.o
 .debug_abbrev  0x0000000000000f84      0x16e ./Build/Libraries/CMSIS/Device/PY32F0xx/Source/system_py32f002b.o
 .debug_abbrev  0x00000000000010f2       0x12 ./Build/Libraries/CMSIS/Device/PY32F0xx/Source/gcc/startup_py32f002b.o

.debug_loc      0x0000000000000000     0x3fd3
 .debug_loc     0x0000000000000000       0x25 ./Build/User/py32f002b_hal_msp.o
 .debug_loc     0x0000000000000025       0x23 ./Build/User/main.o
 .debug_loc     0x0000000000000048      0x433 ./Build/Libraries/PY32F002B_HAL_Driver/Src/py32f002b_hal_cortex.o
 .debug_loc     0x000000000000047b     0x2f86 ./Build/Libraries/PY32F002B_HAL_Driver/Src/py32f002b_hal_i2c.o
 .debug_loc     0x0000000000003401      0x27c ./Build/Libraries/PY32F002B_HAL_Driver/Src/py32f002b_hal.o
 .debug_loc     0x000000000000367d      0x564 ./Build/Libraries/PY32F002B_HAL_Driver/Src/py32f002b_hal_rcc.o
 .debug_loc     0x0000000000003be1      0x3af ./Build/Libraries/PY32F002B_HAL_Driver/Src/py32f002b_hal_gpio.o
 .debug_loc     0x0000000000003f90       0x43 ./Build/Libraries/CMSIS/Device/PY32F0xx/Source/system_py32f002b.o

.debug_aranges  0x0000000000000000      0x570
 .debug_aranges
                0x0000000000000000       0x28 ./Build/User/py32f002b_hal_msp.o
 .debug_aranges
                0x0000000000000028       0x40 ./Build/User/py32f002b_it.o
 .debug_aranges
                0x0000000000000068       0x28 ./Build/User/main.o
 .debug_aranges
                0x0000000000000090       0x78 ./Build/Libraries/PY32F002B_HAL_Driver/Src/py32f002b_hal_cortex.o
 .debug_aranges
                0x0000000000000108      0x228 ./Build/Libraries/PY32F002B_HAL_Driver/Src/py32f002b_hal_i2c.o
 .debug_aranges
                0x0000000000000330      0x108 ./Build/Libraries/PY32F002B_HAL_Driver/Src/py32f002b_hal.o
 .debug_aranges
                0x0000000000000438       0x88 ./Build/Libraries/PY32F002B_HAL_Driver/Src/py32f002b_hal_rcc.o
 .debug_aranges
                0x00000000000004c0       0x58 ./Build/Libraries/PY32F002B_HAL_Driver/Src/py32f002b_hal_gpio.o
 .debug_aranges
                0x0000000000000518       0x30 ./Build/Libraries/CMSIS/Device/PY32F0xx/Source/system_py32f002b.o
 .debug_aranges
                0x0000000000000548       0x28 ./Build/Libraries/CMSIS/Device/PY32F0xx/Source/gcc/startup_py32f002b.o

.debug_ranges   0x0000000000000000      0x550
 .debug_ranges  0x0000000000000000       0x18 ./Build/User/py32f002b_hal_msp.o
 .debug_ranges  0x0000000000000018       0x30 ./Build/User/py32f002b_it.o
 .debug_ranges  0x0000000000000048       0x18 ./Build/User/main.o
 .debug_ranges  0x0000000000000060       0xc8 ./Build/Libraries/PY32F002B_HAL_Driver/Src/py32f002b_hal_cortex.o
 .debug_ranges  0x0000000000000128      0x230 ./Build/Libraries/PY32F002B_HAL_Driver/Src/py32f002b_hal_i2c.o
 .debug_ranges  0x0000000000000358       0xf8 ./Build/Libraries/PY32F002B_HAL_Driver/Src/py32f002b_hal.o
 .debug_ranges  0x0000000000000450       0x78 ./Build/Libraries/PY32F002B_HAL_Driver/Src/py32f002b_hal_rcc.o
 .debug_ranges  0x00000000000004c8       0x48 ./Build/Libraries/PY32F002B_HAL_Driver/Src/py32f002b_hal_gpio.o
 .debug_ranges  0x0000000000000510       0x20 ./Build/Libraries/CMSIS/Device/PY32F0xx/Source/system_py32f002b.o
 .debug_ranges  0x0000000000000530       0x20 ./Build/Libraries/CMSIS/Device/PY32F0xx/Source/gcc/startup_py32f002b.o

.debug_line     0x0000000000000000     0x5c7d
 .debug_line    0x0000000000000000      0x233 ./Build/User/py32f002b_hal_msp.o
 .debug_line    0x0000000000000233       0xe1 ./Build/User/py32f002b_it.o
 .debug_line    0x0000000000000314      0x293 ./Build/User/main.o
 .debug_line    0x00000000000005a7      0x523 ./Build/Libraries/PY32F002B_HAL_Driver/Src/py32f002b_hal_cortex.o
 .debug_line    0x0000000000000aca     0x36fc ./Build/Libraries/PY32F002B_HAL_Driver/Src/py32f002b_hal_i2c.o
 .debug_line    0x00000000000041c6      0x644 ./Build/Libraries/PY32F002B_HAL_Driver/Src/py32f002b_hal.o
 .debug_line    0x000000000000480a      0xabf ./Build/Libraries/PY32F002B_HAL_Driver/Src/py32f002b_hal_rcc.o
 .debug_line    0x00000000000052c9      0x650 ./Build/Libraries/PY32F002B_HAL_Driver/Src/py32f002b_hal_gpio.o
 .debug_line    0x0000000000005919      0x2c4 ./Build/Libraries/CMSIS/Device/PY32F0xx/Source/system_py32f002b.o
 .debug_line    0x0000000000005bdd       0xa0 ./Build/Libraries/CMSIS/Device/PY32F0xx/Source/gcc/startup_py32f002b.o

.debug_str      0x0000000000000000     0x1966
 .debug_str     0x0000000000000000      0x525 ./Build/User/py32f002b_hal_msp.o
                                        0x5b3 (size before relaxing)
 .debug_str     0x0000000000000525       0x69 ./Build/User/py32f002b_it.o
                                        0x1bd (size before relaxing)
 .debug_str     0x000000000000058e       0xa2 ./Build/User/main.o
                                        0x4df (size before relaxing)
 .debug_str     0x0000000000000630      0x38f ./Build/Libraries/PY32F002B_HAL_Driver/Src/py32f002b_hal_cortex.o
                                        0x540 (size before relaxing)
 .debug_str     0x00000000000009bf      0x77e ./Build/Libraries/PY32F002B_HAL_Driver/Src/py32f002b_hal_i2c.o
                                        0xc3d (size before relaxing)
 .debug_str     0x000000000000113d      0x327 ./Build/Libraries/PY32F002B_HAL_Driver/Src/py32f002b_hal.o
                                        0x77e (size before relaxing)
 .debug_str     0x0000000000001464      0x307 ./Build/Libraries/PY32F002B_HAL_Driver/Src/py32f002b_hal_rcc.o
                                        0x64f (size before relaxing)
 .debug_str     0x000000000000176b      0x12f ./Build/Libraries/PY32F002B_HAL_Driver/Src/py32f002b_hal_gpio.o
                                        0x398 (size before relaxing)
 .debug_str     0x000000000000189a       0x7f ./Build/Libraries/CMSIS/Device/PY32F0xx/Source/system_py32f002b.o
                                        0x2f1 (size before relaxing)
 .debug_str     0x0000000000001919       0x4d ./Build/Libraries/CMSIS/Device/PY32F0xx/Source/gcc/startup_py32f002b.o
                                         0x7e (size before relaxing)

.comment        0x0000000000000000       0x49
 .comment       0x0000000000000000       0x49 ./Build/User/py32f002b_hal_msp.o
                                         0x4a (size before relaxing)
 .comment       0x0000000000000049       0x4a ./Build/User/py32f002b_it.o
 .comment       0x0000000000000049       0x4a ./Build/User/main.o
 .comment       0x0000000000000049       0x4a ./Build/Libraries/PY32F002B_HAL_Driver/Src/py32f002b_hal_cortex.o
 .comment       0x0000000000000049       0x4a ./Build/Libraries/PY32F002B_HAL_Driver/Src/py32f002b_hal_i2c.o
 .comment       0x0000000000000049       0x4a ./Build/Libraries/PY32F002B_HAL_Driver/Src/py32f002b_hal.o
 .comment       0x0000000000000049       0x4a ./Build/Libraries/PY32F002B_HAL_Driver/Src/py32f002b_hal_rcc.o
 .comment       0x0000000000000049       0x4a ./Build/Libraries/PY32F002B_HAL_Driver/Src/py32f002b_hal_gpio.o
 .comment       0x0000000000000049       0x4a ./Build/Libraries/CMSIS/Device/PY32F0xx/Source/system_py32f002b.o
