Archive member included to satisfy reference by file (symbol)

/opt/homebrew/Cellar/arm-none-eabi-gcc/13.3-2024.7/gcc/bin/../lib/gcc/arm-none-eabi/13.3.1/../../../../arm-none-eabi/lib/thumb/v6-m/nofp/libc_nano.a(libc_a-exit.o)
                              /opt/homebrew/Cellar/arm-none-eabi-gcc/13.3-2024.7/gcc/bin/../lib/gcc/arm-none-eabi/13.3.1/../../../../arm-none-eabi/lib/thumb/v6-m/nofp/crt0.o (exit)
/opt/homebrew/Cellar/arm-none-eabi-gcc/13.3-2024.7/gcc/bin/../lib/gcc/arm-none-eabi/13.3.1/../../../../arm-none-eabi/lib/thumb/v6-m/nofp/libc_nano.a(libc_a-findfp.o)
                              /opt/homebrew/Cellar/arm-none-eabi-gcc/13.3-2024.7/gcc/bin/../lib/gcc/arm-none-eabi/13.3.1/../../../../arm-none-eabi/lib/thumb/v6-m/nofp/libc_nano.a(libc_a-exit.o) (__stdio_exit_handler)
/opt/homebrew/Cellar/arm-none-eabi-gcc/13.3-2024.7/gcc/bin/../lib/gcc/arm-none-eabi/13.3.1/../../../../arm-none-eabi/lib/thumb/v6-m/nofp/libc_nano.a(libc_a-fwalk.o)
                              /opt/homebrew/Cellar/arm-none-eabi-gcc/13.3-2024.7/gcc/bin/../lib/gcc/arm-none-eabi/13.3.1/../../../../arm-none-eabi/lib/thumb/v6-m/nofp/libc_nano.a(libc_a-findfp.o) (_fwalk_sglue)
/opt/homebrew/Cellar/arm-none-eabi-gcc/13.3-2024.7/gcc/bin/../lib/gcc/arm-none-eabi/13.3.1/../../../../arm-none-eabi/lib/thumb/v6-m/nofp/libc_nano.a(libc_a-memset.o)
                              /opt/homebrew/Cellar/arm-none-eabi-gcc/13.3-2024.7/gcc/bin/../lib/gcc/arm-none-eabi/13.3.1/../../../../arm-none-eabi/lib/thumb/v6-m/nofp/crt0.o (memset)
/opt/homebrew/Cellar/arm-none-eabi-gcc/13.3-2024.7/gcc/bin/../lib/gcc/arm-none-eabi/13.3.1/../../../../arm-none-eabi/lib/thumb/v6-m/nofp/libc_nano.a(libc_a-init.o)
                              /opt/homebrew/Cellar/arm-none-eabi-gcc/13.3-2024.7/gcc/bin/../lib/gcc/arm-none-eabi/13.3.1/../../../../arm-none-eabi/lib/thumb/v6-m/nofp/crt0.o (__libc_init_array)
/opt/homebrew/Cellar/arm-none-eabi-gcc/13.3-2024.7/gcc/bin/../lib/gcc/arm-none-eabi/13.3.1/../../../../arm-none-eabi/lib/thumb/v6-m/nofp/libc_nano.a(libc_a-lock.o)
                              /opt/homebrew/Cellar/arm-none-eabi-gcc/13.3-2024.7/gcc/bin/../lib/gcc/arm-none-eabi/13.3.1/../../../../arm-none-eabi/lib/thumb/v6-m/nofp/libc_nano.a(libc_a-findfp.o) (__retarget_lock_init_recursive)
/opt/homebrew/Cellar/arm-none-eabi-gcc/13.3-2024.7/gcc/bin/../lib/gcc/arm-none-eabi/13.3.1/../../../../arm-none-eabi/lib/thumb/v6-m/nofp/libc_nano.a(libc_a-impure.o)
                              /opt/homebrew/Cellar/arm-none-eabi-gcc/13.3-2024.7/gcc/bin/../lib/gcc/arm-none-eabi/13.3.1/../../../../arm-none-eabi/lib/thumb/v6-m/nofp/libc_nano.a(libc_a-findfp.o) (_impure_data)
/opt/homebrew/Cellar/arm-none-eabi-gcc/13.3-2024.7/gcc/bin/../lib/gcc/arm-none-eabi/13.3.1/../../../../arm-none-eabi/lib/thumb/v6-m/nofp/libc_nano.a(libc_a-mallocr.o)
                              /opt/homebrew/Cellar/arm-none-eabi-gcc/13.3-2024.7/gcc/bin/../lib/gcc/arm-none-eabi/13.3.1/../../../../arm-none-eabi/lib/thumb/v6-m/nofp/libc_nano.a(libc_a-findfp.o) (_malloc_r)
/opt/homebrew/Cellar/arm-none-eabi-gcc/13.3-2024.7/gcc/bin/../lib/gcc/arm-none-eabi/13.3.1/../../../../arm-none-eabi/lib/thumb/v6-m/nofp/libc_nano.a(libc_a-fflush.o)
                              /opt/homebrew/Cellar/arm-none-eabi-gcc/13.3-2024.7/gcc/bin/../lib/gcc/arm-none-eabi/13.3.1/../../../../arm-none-eabi/lib/thumb/v6-m/nofp/libc_nano.a(libc_a-findfp.o) (_fflush_r)
/opt/homebrew/Cellar/arm-none-eabi-gcc/13.3-2024.7/gcc/bin/../lib/gcc/arm-none-eabi/13.3.1/../../../../arm-none-eabi/lib/thumb/v6-m/nofp/libc_nano.a(libc_a-mlock.o)
                              /opt/homebrew/Cellar/arm-none-eabi-gcc/13.3-2024.7/gcc/bin/../lib/gcc/arm-none-eabi/13.3.1/../../../../arm-none-eabi/lib/thumb/v6-m/nofp/libc_nano.a(libc_a-mallocr.o) (__malloc_lock)
/opt/homebrew/Cellar/arm-none-eabi-gcc/13.3-2024.7/gcc/bin/../lib/gcc/arm-none-eabi/13.3.1/../../../../arm-none-eabi/lib/thumb/v6-m/nofp/libc_nano.a(libc_a-stdio.o)
                              /opt/homebrew/Cellar/arm-none-eabi-gcc/13.3-2024.7/gcc/bin/../lib/gcc/arm-none-eabi/13.3.1/../../../../arm-none-eabi/lib/thumb/v6-m/nofp/libc_nano.a(libc_a-findfp.o) (__sread)
/opt/homebrew/Cellar/arm-none-eabi-gcc/13.3-2024.7/gcc/bin/../lib/gcc/arm-none-eabi/13.3.1/../../../../arm-none-eabi/lib/thumb/v6-m/nofp/libc_nano.a(libc_a-lseekr.o)
                              /opt/homebrew/Cellar/arm-none-eabi-gcc/13.3-2024.7/gcc/bin/../lib/gcc/arm-none-eabi/13.3.1/../../../../arm-none-eabi/lib/thumb/v6-m/nofp/libc_nano.a(libc_a-stdio.o) (_lseek_r)
/opt/homebrew/Cellar/arm-none-eabi-gcc/13.3-2024.7/gcc/bin/../lib/gcc/arm-none-eabi/13.3.1/../../../../arm-none-eabi/lib/thumb/v6-m/nofp/libc_nano.a(libc_a-readr.o)
                              /opt/homebrew/Cellar/arm-none-eabi-gcc/13.3-2024.7/gcc/bin/../lib/gcc/arm-none-eabi/13.3.1/../../../../arm-none-eabi/lib/thumb/v6-m/nofp/libc_nano.a(libc_a-stdio.o) (_read_r)
[...]
Memory Configuration

Name             Origin             Length             Attributes
RAM              0x20000000         0x00000c00         xrw
FLASH            0x08000000         0x00006000         xr
*default*        0x00000000         0xffffffff

Linker script and memory map

LOAD /opt/homebrew/Cellar/arm-none-eabi-gcc/13.3-2024.7/gcc/bin/../lib/gcc/arm-none-eabi/13.3.1/thumb/v6-m/nofp/crti.o
LOAD /opt/homebrew/Cellar/arm-none-eabi-gcc/13.3-2024.7/gcc/bin/../lib/gcc/arm-none-eabi/13.3.1/thumb/v6-m/nofp/crtbegin.o
LOAD /opt/homebrew/Cellar/arm-none-eabi-gcc/13.3-2024.7/gcc/bin/../lib/gcc/arm-none-eabi/13.3.1/../../../../arm-none-eabi/lib/thumb/v6-m/nofp/crt0.o
LOAD /opt/homebrew/Cellar/arm-none-eabi-gcc/13.3-2024.7/gcc/bin/../lib/gcc/arm-none-eabi/13.3.1/../../../../arm-none-eabi/lib/thumb/v6-m/nofp/libc_nano.a
LOAD /opt/homebrew/Cellar/arm-none-eabi-gcc/13.3-2024.7/gcc/bin/../lib/gcc/arm-none-eabi/13.3.1/../../../../arm-none-eabi/lib/thumb/v6-m/nofp/libm.a
LOAD ./build/src/py32f002b_hal_msp.o
LOAD ./build/src/py32f002b_it.o
LOAD ./build/src/main.o
LOAD ./build/lib/PY32F002B_HAL_Driver/Src/py32f002b_hal_cortex.o
LOAD ./build/lib/PY32F002B_HAL_Driver/Src/py32f002b_hal_lptim.o
LOAD ./build/lib/PY32F002B_HAL_Driver/Src/py32f002b_hal_rcc_ex.o
LOAD ./build/lib/PY32F002B_HAL_Driver/Src/py32f002b_hal_iwdg.o
LOAD ./build/lib/PY32F002B_HAL_Driver/Src/py32f002b_hal_uart.o
LOAD ./build/lib/PY32F002B_HAL_Driver/Src/py32f002b_hal_crc.o
LOAD ./build/lib/PY32F002B_HAL_Driver/Src/py32f002b_hal_exti.o
LOAD ./build/lib/PY32F002B_HAL_Driver/Src/py32f002b_hal_tim_ex.o
LOAD ./build/lib/PY32F002B_HAL_Driver/Src/py32f002b_hal_pwr.o
LOAD ./build/lib/PY32F002B_HAL_Driver/Src/py32f002b_hal_flash.o
LOAD ./build/lib/PY32F002B_HAL_Driver/Src/py32f002b_hal_adc.o
LOAD ./build/lib/PY32F002B_HAL_Driver/Src/py32f002b_hal_i2c.o
LOAD ./build/lib/PY32F002B_HAL_Driver/Src/py32f002b_hal.o
LOAD ./build/lib/PY32F002B_HAL_Driver/Src/py32f002b_hal_rcc.o
LOAD ./build/lib/PY32F002B_HAL_Driver/Src/py32f002b_hal_tim.o
LOAD ./build/lib/PY32F002B_HAL_Driver/Src/py32f002b_hal_comp.o
LOAD ./build/lib/PY32F002B_HAL_Driver/Src/py32f002b_hal_spi.o
LOAD ./build/lib/PY32F002B_HAL_Driver/Src/py32f002b_hal_usart.o
LOAD ./build/lib/PY32F002B_HAL_Driver/Src/py32f002b_hal_gpio.o
LOAD ./build/lib/PY32F002B_HAL_BSP/Src/py32f002b_bsp_printf.o
LOAD ./build/lib/CMSIS/Device/PY32F0xx/Source/system_py32f002b.o
LOAD ./build/lib/CMSIS/Device/PY32F0xx/Source/gcc/startup_py32f002b.o
START GROUP
LOAD /opt/homebrew/Cellar/arm-none-eabi-gcc/13.3-2024.7/gcc/bin/../lib/gcc/arm-none-eabi/13.3.1/thumb/v6-m/nofp/libgcc.a
LOAD /opt/homebrew/Cellar/arm-none-eabi-gcc/13.3-2024.7/gcc/bin/../lib/gcc/arm-none-eabi/13.3.1/../../../../arm-none-eabi/lib/thumb/v6-m/nofp/libc_nano.a
END GROUP
START GROUP
LOAD /opt/homebrew/Cellar/arm-none-eabi-gcc/13.3-2024.7/gcc/bin/../lib/gcc/arm-none-eabi/13.3.1/thumb/v6-m/nofp/libgcc.a
LOAD /opt/homebrew/Cellar/arm-none-eabi-gcc/13.3-2024.7/gcc/bin/../lib/gcc/arm-none-eabi/13.3.1/../../../../arm-none-eabi/lib/thumb/v6-m/nofp/libc_nano.a
LOAD /opt/homebrew/Cellar/arm-none-eabi-gcc/13.3-2024.7/gcc/bin/../lib/gcc/arm-none-eabi/13.3.1/../../../../arm-none-eabi/lib/thumb/v6-m/nofp/libnosys.a
END GROUP
START GROUP
LOAD /opt/homebrew/Cellar/arm-none-eabi-gcc/13.3-2024.7/gcc/bin/../lib/gcc/arm-none-eabi/13.3.1/thumb/v6-m/nofp/libgcc.a
LOAD /opt/homebrew/Cellar/arm-none-eabi-gcc/13.3-2024.7/gcc/bin/../lib/gcc/arm-none-eabi/13.3.1/../../../../arm-none-eabi/lib/thumb/v6-m/nofp/libc_nano.a
LOAD /opt/homebrew/Cellar/arm-none-eabi-gcc/13.3-2024.7/gcc/bin/../lib/gcc/arm-none-eabi/13.3.1/../../../../arm-none-eabi/lib/thumb/v6-m/nofp/libnosys.a
END GROUP
LOAD /opt/homebrew/Cellar/arm-none-eabi-gcc/13.3-2024.7/gcc/bin/../lib/gcc/arm-none-eabi/13.3.1/thumb/v6-m/nofp/crtend.o
LOAD /opt/homebrew/Cellar/arm-none-eabi-gcc/13.3-2024.7/gcc/bin/../lib/gcc/arm-none-eabi/13.3.1/thumb/v6-m/nofp/crtn.o
                0x20000c00                        _estack = (ORIGIN (RAM) + LENGTH (RAM))
                0x00000100                        _Min_Heap_Size = 0x100
                0x00000200                        _Min_Stack_Size = 0x200

.ram_vector
 *(.ram_vector)

.isr_vector     0x08000000       0xc0
                0x08000000                        . = ALIGN (0x4)
 *(.isr_vector)
 .isr_vector    0x08000000       0xc0 ./build/lib/CMSIS/Device/PY32F0xx/Source/gcc/startup_py32f002b.o
                0x08000000                g_pfnVectors
                0x080000c0                        . = ALIGN (0x4)

.text           0x080000c0      0xe44
                0x080000c0                        . = ALIGN (0x4)
 *(.text)
 .text          0x080000c0      0x114 /opt/homebrew/Cellar/arm-none-eabi-gcc/13.3-2024.7/gcc/bin/../lib/gcc/arm-none-eabi/13.3.1/thumb/v6-m/nofp/libgcc.a(_udivsi3.o)
                0x080000c0                __udivsi3
                0x080000c0                __aeabi_uidiv
                0x080001cc                __aeabi_uidivmod
 .text          0x080001d4        0x4 /opt/homebrew/Cellar/arm-none-eabi-gcc/13.3-2024.7/gcc/bin/../lib/gcc/arm-none-eabi/13.3.1/thumb/v6-m/nofp/libgcc.a(_dvmd_tls.o)
                0x080001d4                __aeabi_ldiv0
                0x080001d4                __aeabi_idiv0
 *(.text*)
 .text.deregister_tm_clones
                0x080001d8       0x20 /opt/homebrew/Cellar/arm-none-eabi-gcc/13.3-2024.7/gcc/bin/../lib/gcc/arm-none-eabi/13.3.1/thumb/v6-m/nofp/crtbegin.o
 .text.register_tm_clones
                0x080001f8       0x28 /opt/homebrew/Cellar/arm-none-eabi-gcc/13.3-2024.7/gcc/bin/../lib/gcc/arm-none-eabi/13.3.1/thumb/v6-m/nofp/crtbegin.o
 .text.__do_global_dtors_aux
                0x08000220       0x2c /opt/homebrew/Cellar/arm-none-eabi-gcc/13.3-2024.7/gcc/bin/../lib/gcc/arm-none-eabi/13.3.1/thumb/v6-m/nofp/crtbegin.o
 .text.frame_dummy
                0x0800024c       0x24 /opt/homebrew/Cellar/arm-none-eabi-gcc/13.3-2024.7/gcc/bin/../lib/gcc/arm-none-eabi/13.3.1/thumb/v6-m/nofp/crtbegin.o
 .text.memset   0x08000270       0x10 /opt/homebrew/Cellar/arm-none-eabi-gcc/13.3-2024.7/gcc/bin/../lib/gcc/arm-none-eabi/13.3.1/../../../../arm-none-eabi/lib/thumb/v6-m/nofp/libc_nano.a(libc_a-memset.o)
                0x08000270                memset
 .text.__libc_init_array
                0x08000280       0x48 /opt/homebrew/Cellar/arm-none-eabi-gcc/13.3-2024.7/gcc/bin/../lib/gcc/arm-none-eabi/13.3.1/../../../../arm-none-eabi/lib/thumb/v6-m/nofp/libc_nano.a(libc_a-init.o)
                0x08000280                __libc_init_array
 .text.HAL_MspInit
                0x080002c8       0x30 ./build/src/py32f002b_hal_msp.o
                0x080002c8                HAL_MspInit
 .text.HAL_I2C_MspInit
                0x080002f8       0x6c ./build/src/py32f002b_hal_msp.o
                0x080002f8                HAL_I2C_MspInit
 .text.NMI_Handler
                0x08000364        0x2 ./build/src/py32f002b_it.o
                0x08000364                NMI_Handler
 .text.HardFault_Handler
                0x08000366        0x2 ./build/src/py32f002b_it.o
                0x08000366                HardFault_Handler
 .text.SVC_Handler
                0x08000368        0x2 ./build/src/py32f002b_it.o
                0x08000368                SVC_Handler
 .text.PendSV_Handler
                0x0800036a        0x2 ./build/src/py32f002b_it.o
                0x0800036a                PendSV_Handler
 .text.SysTick_Handler
                0x0800036c        0x8 ./build/src/py32f002b_it.o
                0x0800036c                SysTick_Handler
 .text.HAL_GpioConfig
                0x08000374       0x48 ./build/src/main.o
 .text.ErrorHandler
                0x080003bc       0x18 ./build/src/main.o
                0x080003bc                ErrorHandler
 .text.HAL_I2CConfig
                0x080003d4       0x34 ./build/src/main.o
 .text.aw210xx_write
                0x08000408       0x34 ./build/src/main.o
 .text.main     0x0800043c       0xa4 ./build/src/main.o
                0x0800043c                main
 .text.__NVIC_SetPriority
                0x080004e0       0x60 ./build/lib/PY32F002B_HAL_Driver/Src/py32f002b_hal_cortex.o
 .text.SysTick_Config
                0x08000540       0x38 ./build/lib/PY32F002B_HAL_Driver/Src/py32f002b_hal_cortex.o
 .text.HAL_NVIC_SetPriority
                0x08000578        0x8 ./build/lib/PY32F002B_HAL_Driver/Src/py32f002b_hal_cortex.o
                0x08000578                HAL_NVIC_SetPriority
 .text.HAL_SYSTICK_Config
                0x08000580        0x8 ./build/lib/PY32F002B_HAL_Driver/Src/py32f002b_hal_cortex.o
                0x08000580                HAL_SYSTICK_Config
 .text.I2C_IsAcknowledgeFailed
                0x08000588       0x34 ./build/lib/PY32F002B_HAL_Driver/Src/py32f002b_hal_i2c.o
 .text.I2C_WaitOnFlagUntilTimeout
                0x080005bc       0x76 ./build/lib/PY32F002B_HAL_Driver/Src/py32f002b_hal_i2c.o
 *fill*         0x08000632        0x2 
 .text.I2C_WaitOnMasterAddressFlagUntilTimeout
                0x08000634       0xac ./build/lib/PY32F002B_HAL_Driver/Src/py32f002b_hal_i2c.o
 .text.I2C_WaitOnTXEFlagUntilTimeout
                0x080006e0       0x50 ./build/lib/PY32F002B_HAL_Driver/Src/py32f002b_hal_i2c.o
 .text.I2C_RequestMemoryWrite
                0x08000730       0xe4 ./build/lib/PY32F002B_HAL_Driver/Src/py32f002b_hal_i2c.o
 .text.I2C_WaitOnBTFFlagUntilTimeout
                0x08000814       0x50 ./build/lib/PY32F002B_HAL_Driver/Src/py32f002b_hal_i2c.o
 .text.HAL_I2C_Init
                0x08000864      0x1b0 ./build/lib/PY32F002B_HAL_Driver/Src/py32f002b_hal_i2c.o
                0x08000864                HAL_I2C_Init
 .text.HAL_I2C_MspDeInit
                0x08000a14        0x2 ./build/lib/PY32F002B_HAL_Driver/Src/py32f002b_hal_i2c.o
                0x08000a14                HAL_I2C_MspDeInit
 .text.HAL_I2C_DeInit
                0x08000a16       0x32 ./build/lib/PY32F002B_HAL_Driver/Src/py32f002b_hal_i2c.o
                0x08000a16                HAL_I2C_DeInit
 .text.HAL_I2C_Mem_Write
                0x08000a48      0x164 ./build/lib/PY32F002B_HAL_Driver/Src/py32f002b_hal_i2c.o
                0x08000a48                HAL_I2C_Mem_Write
 .text.HAL_InitTick
                0x08000bac       0x58 ./build/lib/PY32F002B_HAL_Driver/Src/py32f002b_hal.o
                0x08000bac                HAL_InitTick
 .text.HAL_Init
                0x08000c04       0x18 ./build/lib/PY32F002B_HAL_Driver/Src/py32f002b_hal.o
                0x08000c04                HAL_Init
 .text.HAL_IncTick
                0x08000c1c       0x18 ./build/lib/PY32F002B_HAL_Driver/Src/py32f002b_hal.o
                0x08000c1c                HAL_IncTick
 .text.HAL_GetTick
                0x08000c34        0xc ./build/lib/PY32F002B_HAL_Driver/Src/py32f002b_hal.o
                0x08000c34                HAL_GetTick
 .text.HAL_Delay
                0x08000c40       0x24 ./build/lib/PY32F002B_HAL_Driver/Src/py32f002b_hal.o
                0x08000c40                HAL_Delay
 .text.HAL_RCC_GetHCLKFreq
                0x08000c64        0xc ./build/lib/PY32F002B_HAL_Driver/Src/py32f002b_hal_rcc.o
                0x08000c64                HAL_RCC_GetHCLKFreq
 .text.HAL_RCC_GetPCLK1Freq
                0x08000c70       0x28 ./build/lib/PY32F002B_HAL_Driver/Src/py32f002b_hal_rcc.o
                0x08000c70                HAL_RCC_GetPCLK1Freq
 .text.HAL_GPIO_Init
                0x08000c98      0x180 ./build/lib/PY32F002B_HAL_Driver/Src/py32f002b_hal_gpio.o
                0x08000c98                HAL_GPIO_Init
 .text.HAL_GPIO_WritePin
                0x08000e18        0xc ./build/lib/PY32F002B_HAL_Driver/Src/py32f002b_hal_gpio.o
                0x08000e18                HAL_GPIO_WritePin
 .text.HAL_GPIO_TogglePin
                0x08000e24        0xe ./build/lib/PY32F002B_HAL_Driver/Src/py32f002b_hal_gpio.o
                0x08000e24                HAL_GPIO_TogglePin
 *fill*         0x08000e32        0x2 
 .text.DelayTime
                0x08000e34       0x1c ./build/lib/CMSIS/Device/PY32F0xx/Source/system_py32f002b.o
 .text.SystemInit
                0x08000e50       0x48 ./build/lib/CMSIS/Device/PY32F0xx/Source/system_py32f002b.o
                0x08000e50                SystemInit
 .text.Reset_Handler
                0x08000e98       0x50 ./build/lib/CMSIS/Device/PY32F0xx/Source/gcc/startup_py32f002b.o
                0x08000e98                Reset_Handler
 .text.Default_Handler
                0x08000ee8        0x2 ./build/lib/CMSIS/Device/PY32F0xx/Source/gcc/startup_py32f002b.o
                0x08000ee8                LPTIM1_IRQHandler
                0x08000ee8                I2C1_IRQHandler
                0x08000ee8                SPI1_IRQHandler
                0x08000ee8                EXTI2_3_IRQHandler
                0x08000ee8                EXTI4_15_IRQHandler
                0x08000ee8                RCC_IRQHandler
                0x08000ee8                Default_Handler
                0x08000ee8                TIM14_IRQHandler
                0x08000ee8                EXTI0_1_IRQHandler
                0x08000ee8                ADC_COMP_IRQHandler
                0x08000ee8                FLASH_IRQHandler
                0x08000ee8                USART1_IRQHandler
                0x08000ee8                TIM1_BRK_UP_TRG_COM_IRQHandler
                0x08000ee8                TIM1_CC_IRQHandler
 *(.glue_7)
 .glue_7        0x08000eea        0x0 linker stubs
 *(.glue_7t)
 .glue_7t       0x08000eea        0x0 linker stubs
 *(.eh_frame)
 *fill*         0x08000eea        0x2 
 .eh_frame      0x08000eec        0x0 /opt/homebrew/Cellar/arm-none-eabi-gcc/13.3-2024.7/gcc/bin/../lib/gcc/arm-none-eabi/13.3.1/thumb/v6-m/nofp/crtbegin.o
 *(.init)
 .init          0x08000eec        0x4 /opt/homebrew/Cellar/arm-none-eabi-gcc/13.3-2024.7/gcc/bin/../lib/gcc/arm-none-eabi/13.3.1/thumb/v6-m/nofp/crti.o
                0x08000eec                _init
 .init          0x08000ef0        0x8 /opt/homebrew/Cellar/arm-none-eabi-gcc/13.3-2024.7/gcc/bin/../lib/gcc/arm-none-eabi/13.3.1/thumb/v6-m/nofp/crtn.o
 *(.fini)
 .fini          0x08000ef8        0x4 /opt/homebrew/Cellar/arm-none-eabi-gcc/13.3-2024.7/gcc/bin/../lib/gcc/arm-none-eabi/13.3.1/thumb/v6-m/nofp/crti.o
                0x08000ef8                _fini
 .fini          0x08000efc        0x8 /opt/homebrew/Cellar/arm-none-eabi-gcc/13.3-2024.7/gcc/bin/../lib/gcc/arm-none-eabi/13.3.1/thumb/v6-m/nofp/crtn.o
                0x08000f04                        . = ALIGN (0x4)
                0x08000f04                        _etext = .

.vfp11_veneer   0x08000f04        0x0
 .vfp11_veneer  0x08000f04        0x0 linker stubs

.v4_bx          0x08000f04        0x0
 .v4_bx         0x08000f04        0x0 linker stubs

.iplt           0x08000f04        0x0
 .iplt          0x08000f04        0x0 /opt/homebrew/Cellar/arm-none-eabi-gcc/13.3-2024.7/gcc/bin/../lib/gcc/arm-none-eabi/13.3.1/thumb/v6-m/nofp/crtbegin.o

.rodata         0x08000f04       0x34
                0x08000f04                        . = ALIGN (0x4)
 *(.rodata)
 .rodata        0x08000f04       0x12 ./build/src/main.o
 *(.rodata*)
 *fill*         0x08000f16        0x2 
 .rodata.APBPrescTable
                0x08000f18       0x20 ./build/lib/CMSIS/Device/PY32F0xx/Source/system_py32f002b.o
                0x08000f18                APBPrescTable
                0x08000f38                        . = ALIGN (0x4)

.rel.dyn        0x08000f38        0x0
 .rel.iplt      0x08000f38        0x0 /opt/homebrew/Cellar/arm-none-eabi-gcc/13.3-2024.7/gcc/bin/../lib/gcc/arm-none-eabi/13.3.1/thumb/v6-m/nofp/crtbegin.o

.ARM.extab
 *(.ARM.extab* .gnu.linkonce.armextab.*)

.ARM            0x08000f38        0x0
                0x08000f38                        __exidx_start = .
 *(.ARM.exidx*)
                0x08000f38                        __exidx_end = .

.preinit_array  0x08000f38        0x0
                0x08000f38                        PROVIDE (__preinit_array_start = .)
 *(.preinit_array*)
                0x08000f38                        PROVIDE (__preinit_array_end = .)

.init_array     0x08000f38        0x4
                0x08000f38                        PROVIDE (__init_array_start = .)
 *(SORT_BY_NAME(.init_array.*))
 *(.init_array*)
 .init_array    0x08000f38        0x4 /opt/homebrew/Cellar/arm-none-eabi-gcc/13.3-2024.7/gcc/bin/../lib/gcc/arm-none-eabi/13.3.1/thumb/v6-m/nofp/crtbegin.o
                0x08000f3c                        PROVIDE (__init_array_end = .)

.fini_array     0x08000f3c        0x4
                [!provide]                        PROVIDE (__fini_array_start = .)
 *(SORT_BY_NAME(.fini_array.*))
 *(.fini_array*)
 .fini_array    0x08000f3c        0x4 /opt/homebrew/Cellar/arm-none-eabi-gcc/13.3-2024.7/gcc/bin/../lib/gcc/arm-none-eabi/13.3.1/thumb/v6-m/nofp/crtbegin.o
                [!provide]                        PROVIDE (__fini_array_end = .)
                0x08000f40                        _sidata = LOADADDR (.data)

.data           0x20000000        0xc load address 0x08000f40
                0x20000000                        . = ALIGN (0x4)
                0x20000000                        _sdata = .
 *(.data)
 *(.data*)
 .data.uwTickFreq
                0x20000000        0x4 ./build/lib/PY32F002B_HAL_Driver/Src/py32f002b_hal.o
                0x20000000                uwTickFreq
 .data.uwTickPrio
                0x20000004        0x4 ./build/lib/PY32F002B_HAL_Driver/Src/py32f002b_hal.o
                0x20000004                uwTickPrio
 .data.SystemCoreClock
                0x20000008        0x4 ./build/lib/CMSIS/Device/PY32F0xx/Source/system_py32f002b.o
                0x20000008                SystemCoreClock
                0x2000000c                        . = ALIGN (0x4)
                0x2000000c                        _edata = .

.tm_clone_table
                0x2000000c        0x0 load address 0x08000f4c
 .tm_clone_table
                0x2000000c        0x0 /opt/homebrew/Cellar/arm-none-eabi-gcc/13.3-2024.7/gcc/bin/../lib/gcc/arm-none-eabi/13.3.1/thumb/v6-m/nofp/crtbegin.o
 .tm_clone_table
                0x2000000c        0x0 /opt/homebrew/Cellar/arm-none-eabi-gcc/13.3-2024.7/gcc/bin/../lib/gcc/arm-none-eabi/13.3.1/thumb/v6-m/nofp/crtend.o

.igot.plt       0x2000000c        0x0 load address 0x08000f4c
 .igot.plt      0x2000000c        0x0 /opt/homebrew/Cellar/arm-none-eabi-gcc/13.3-2024.7/gcc/bin/../lib/gcc/arm-none-eabi/13.3.1/thumb/v6-m/nofp/crtbegin.o
                0x2000000c                        . = ALIGN (0x4)

.bss            0x2000000c       0x60 load address 0x08000f4c
                0x2000000c                        _sbss = .
                0x2000000c                        __bss_start__ = _sbss
 *(.bss)
 *(.bss*)
 .bss.completed.1
                0x2000000c        0x1 /opt/homebrew/Cellar/arm-none-eabi-gcc/13.3-2024.7/gcc/bin/../lib/gcc/arm-none-eabi/13.3.1/thumb/v6-m/nofp/crtbegin.o
 *fill*         0x2000000d        0x3 
 .bss.object.0  0x20000010       0x18 /opt/homebrew/Cellar/arm-none-eabi-gcc/13.3-2024.7/gcc/bin/../lib/gcc/arm-none-eabi/13.3.1/thumb/v6-m/nofp/crtbegin.o
 .bss.hi2c      0x20000028       0x40 ./build/src/main.o
                0x20000028                hi2c
 .bss.uwTick    0x20000068        0x4 ./build/lib/PY32F002B_HAL_Driver/Src/py32f002b_hal.o
                0x20000068                uwTick
 *(COMMON)
                0x2000006c                        . = ALIGN (0x4)
                0x2000006c                        _ebss = .
                0x2000006c                        __bss_end__ = _ebss

._user_heap_stack
                0x2000006c      0x304 load address 0x08000f4c
                0x20000070                        . = ALIGN (0x8)
 *fill*         0x2000006c        0x4 
                0x20000070                        PROVIDE (end = .)
                [!provide]                        PROVIDE (_end = .)
                0x20000170                        . = (. + _Min_Heap_Size)
 *fill*         0x20000070      0x100 
                0x20000370                        . = (. + _Min_Stack_Size)
 *fill*         0x20000170      0x200 
                0x20000370                        . = ALIGN (0x8)

/DISCARD/
 libc.a(*)
 libm.a(*)
 libgcc.a(*)

.ARM.attributes
                0x00000000       0x28
 *(.ARM.attributes)
 .ARM.attributes
                0x00000000       0x1e /opt/homebrew/Cellar/arm-none-eabi-gcc/13.3-2024.7/gcc/bin/../lib/gcc/arm-none-eabi/13.3.1/thumb/v6-m/nofp/crti.o
 .ARM.attributes
                0x0000001e       0x2c /opt/homebrew/Cellar/arm-none-eabi-gcc/13.3-2024.7/gcc/bin/../lib/gcc/arm-none-eabi/13.3.1/thumb/v6-m/nofp/crtbegin.o
 .ARM.attributes
                0x0000004a       0x2c /opt/homebrew/Cellar/arm-none-eabi-gcc/13.3-2024.7/gcc/bin/../lib/gcc/arm-none-eabi/13.3.1/../../../../arm-none-eabi/lib/thumb/v6-m/nofp/libc_nano.a(libc_a-memset.o)
 .ARM.attributes
                0x00000076       0x2c /opt/homebrew/Cellar/arm-none-eabi-gcc/13.3-2024.7/gcc/bin/../lib/gcc/arm-none-eabi/13.3.1/../../../../arm-none-eabi/lib/thumb/v6-m/nofp/libc_nano.a(libc_a-init.o)
 .ARM.attributes
                0x000000a2       0x2c ./build/src/py32f002b_hal_msp.o
 .ARM.attributes
                0x000000ce       0x2c ./build/src/py32f002b_it.o
 .ARM.attributes
                0x000000fa       0x2c ./build/src/main.o
 .ARM.attributes
                0x00000126       0x2c ./build/lib/PY32F002B_HAL_Driver/Src/py32f002b_hal_cortex.o
 .ARM.attributes
                0x00000152       0x2c ./build/lib/PY32F002B_HAL_Driver/Src/py32f002b_hal_i2c.o
 .ARM.attributes
                0x0000017e       0x2c ./build/lib/PY32F002B_HAL_Driver/Src/py32f002b_hal.o
 .ARM.attributes
                0x000001aa       0x2c ./build/lib/PY32F002B_HAL_Driver/Src/py32f002b_hal_rcc.o
 .ARM.attributes
                0x000001d6       0x2c ./build/lib/PY32F002B_HAL_Driver/Src/py32f002b_hal_gpio.o
 .ARM.attributes
                0x00000202       0x2c ./build/lib/CMSIS/Device/PY32F0xx/Source/system_py32f002b.o
 .ARM.attributes
                0x0000022e       0x22 ./build/lib/CMSIS/Device/PY32F0xx/Source/gcc/startup_py32f002b.o
 .ARM.attributes
                0x00000250       0x1e /opt/homebrew/Cellar/arm-none-eabi-gcc/13.3-2024.7/gcc/bin/../lib/gcc/arm-none-eabi/13.3.1/thumb/v6-m/nofp/libgcc.a(_udivsi3.o)
 .ARM.attributes
                0x0000026e       0x1e /opt/homebrew/Cellar/arm-none-eabi-gcc/13.3-2024.7/gcc/bin/../lib/gcc/arm-none-eabi/13.3.1/thumb/v6-m/nofp/libgcc.a(_dvmd_tls.o)
 .ARM.attributes
                0x0000028c       0x2c /opt/homebrew/Cellar/arm-none-eabi-gcc/13.3-2024.7/gcc/bin/../lib/gcc/arm-none-eabi/13.3.1/thumb/v6-m/nofp/crtend.o
 .ARM.attributes
                0x000002b8       0x1e /opt/homebrew/Cellar/arm-none-eabi-gcc/13.3-2024.7/gcc/bin/../lib/gcc/arm-none-eabi/13.3.1/thumb/v6-m/nofp/crtn.o
OUTPUT(build/metamersao.elf elf32-littlearm)
LOAD linker stubs
LOAD /opt/homebrew/Cellar/arm-none-eabi-gcc/13.3-2024.7/gcc/bin/../lib/gcc/arm-none-eabi/13.3.1/../../../../arm-none-eabi/lib/thumb/v6-m/nofp/libc.a
LOAD /opt/homebrew/Cellar/arm-none-eabi-gcc/13.3-2024.7/gcc/bin/../lib/gcc/arm-none-eabi/13.3.1/../../../../arm-none-eabi/lib/thumb/v6-m/nofp/libm.a
LOAD /opt/homebrew/Cellar/arm-none-eabi-gcc/13.3-2024.7/gcc/bin/../lib/gcc/arm-none-eabi/13.3.1/thumb/v6-m/nofp/libgcc.a

.debug_frame    0x00000000      0xe0c
 .debug_frame   0x00000000       0x20 /opt/homebrew/Cellar/arm-none-eabi-gcc/13.3-2024.7/gcc/bin/../lib/gcc/arm-none-eabi/13.3.1/../../../../arm-none-eabi/lib/thumb/v6-m/nofp/libc_nano.a(libc_a-memset.o)
 .debug_frame   0x00000020       0x2c /opt/homebrew/Cellar/arm-none-eabi-gcc/13.3-2024.7/gcc/bin/../lib/gcc/arm-none-eabi/13.3.1/../../../../arm-none-eabi/lib/thumb/v6-m/nofp/libc_nano.a(libc_a-init.o)
 .debug_frame   0x0000004c       0x40 ./build/src/py32f002b_hal_msp.o
 .debug_frame   0x0000008c       0x68 ./build/src/py32f002b_it.o
 .debug_frame   0x000000f4       0x98 ./build/src/main.o
 .debug_frame   0x0000018c      0x144 ./build/lib/PY32F002B_HAL_Driver/Src/py32f002b_hal_cortex.o
 .debug_frame   0x000002d0      0x6a8 ./build/lib/PY32F002B_HAL_Driver/Src/py32f002b_hal_i2c.o
 .debug_frame   0x00000978      0x21c ./build/lib/PY32F002B_HAL_Driver/Src/py32f002b_hal.o
 .debug_frame   0x00000b94      0x144 ./build/lib/PY32F002B_HAL_Driver/Src/py32f002b_hal_rcc.o
 .debug_frame   0x00000cd8       0xc8 ./build/lib/PY32F002B_HAL_Driver/Src/py32f002b_hal_gpio.o
 .debug_frame   0x00000da0       0x4c ./build/lib/CMSIS/Device/PY32F0xx/Source/system_py32f002b.o
 .debug_frame   0x00000dec       0x20 /opt/homebrew/Cellar/arm-none-eabi-gcc/13.3-2024.7/gcc/bin/../lib/gcc/arm-none-eabi/13.3.1/thumb/v6-m/nofp/libgcc.a(_udivsi3.o)

.debug_info     0x00000000     0x6794
 .debug_info    0x00000000      0x727 ./build/src/py32f002b_hal_msp.o
 .debug_info    0x00000727       0xf9 ./build/src/py32f002b_it.o
 .debug_info    0x00000820      0xa7a ./build/src/main.o
 .debug_info    0x0000129a      0x845 ./build/lib/PY32F002B_HAL_Driver/Src/py32f002b_hal_cortex.o
 .debug_info    0x00001adf     0x2db2 ./build/lib/PY32F002B_HAL_Driver/Src/py32f002b_hal_i2c.o
 .debug_info    0x00004891      0xa1a ./build/lib/PY32F002B_HAL_Driver/Src/py32f002b_hal.o
 .debug_info    0x000052ab      0xb10 ./build/lib/PY32F002B_HAL_Driver/Src/py32f002b_hal_rcc.o
 .debug_info    0x00005dbb      0x58d ./build/lib/PY32F002B_HAL_Driver/Src/py32f002b_hal_gpio.o
 .debug_info    0x00006348      0x41a ./build/lib/CMSIS/Device/PY32F0xx/Source/system_py32f002b.o
 .debug_info    0x00006762       0x32 ./build/lib/CMSIS/Device/PY32F0xx/Source/gcc/startup_py32f002b.o

.debug_abbrev   0x00000000     0x120f
 .debug_abbrev  0x00000000      0x1a2 ./build/src/py32f002b_hal_msp.o
 .debug_abbrev  0x000001a2       0x80 ./build/src/py32f002b_it.o
 .debug_abbrev  0x00000222      0x248 ./build/src/main.o
 .debug_abbrev  0x0000046a      0x2c0 ./build/lib/PY32F002B_HAL_Driver/Src/py32f002b_hal_cortex.o
 .debug_abbrev  0x0000072a      0x27c ./build/lib/PY32F002B_HAL_Driver/Src/py32f002b_hal_i2c.o
 .debug_abbrev  0x000009a6      0x2a8 ./build/lib/PY32F002B_HAL_Driver/Src/py32f002b_hal.o
 .debug_abbrev  0x00000c4e      0x2a1 ./build/lib/PY32F002B_HAL_Driver/Src/py32f002b_hal_rcc.o
 .debug_abbrev  0x00000eef      0x18e ./build/lib/PY32F002B_HAL_Driver/Src/py32f002b_hal_gpio.o
 .debug_abbrev  0x0000107d      0x16e ./build/lib/CMSIS/Device/PY32F0xx/Source/system_py32f002b.o
 .debug_abbrev  0x000011eb       0x24 ./build/lib/CMSIS/Device/PY32F0xx/Source/gcc/startup_py32f002b.o

.debug_loc      0x00000000     0x44c4
 .debug_loc     0x00000000       0x2b ./build/src/py32f002b_hal_msp.o
 .debug_loc     0x0000002b       0x94 ./build/src/main.o
 .debug_loc     0x000000bf      0x314 ./build/lib/PY32F002B_HAL_Driver/Src/py32f002b_hal_cortex.o
 .debug_loc     0x000003d3     0x3447 ./build/lib/PY32F002B_HAL_Driver/Src/py32f002b_hal_i2c.o
 .debug_loc     0x0000381a      0x2a2 ./build/lib/PY32F002B_HAL_Driver/Src/py32f002b_hal.o
 .debug_loc     0x00003abc      0x58e ./build/lib/PY32F002B_HAL_Driver/Src/py32f002b_hal_rcc.o
 .debug_loc     0x0000404a      0x437 ./build/lib/PY32F002B_HAL_Driver/Src/py32f002b_hal_gpio.o
 .debug_loc     0x00004481       0x43 ./build/lib/CMSIS/Device/PY32F0xx/Source/system_py32f002b.o

.debug_aranges  0x00000000      0x5a8
 .debug_aranges
                0x00000000       0x28 ./build/src/py32f002b_hal_msp.o
 .debug_aranges
                0x00000028       0x40 ./build/src/py32f002b_it.o
 .debug_aranges
                0x00000068       0x40 ./build/src/main.o
 .debug_aranges
                0x000000a8       0x98 ./build/lib/PY32F002B_HAL_Driver/Src/py32f002b_hal_cortex.o
 .debug_aranges
                0x00000140      0x228 ./build/lib/PY32F002B_HAL_Driver/Src/py32f002b_hal_i2c.o
 .debug_aranges
                0x00000368      0x108 ./build/lib/PY32F002B_HAL_Driver/Src/py32f002b_hal.o
 .debug_aranges
                0x00000470       0x88 ./build/lib/PY32F002B_HAL_Driver/Src/py32f002b_hal_rcc.o
 .debug_aranges
                0x000004f8       0x58 ./build/lib/PY32F002B_HAL_Driver/Src/py32f002b_hal_gpio.o
 .debug_aranges
                0x00000550       0x30 ./build/lib/CMSIS/Device/PY32F0xx/Source/system_py32f002b.o
 .debug_aranges
                0x00000580       0x28 ./build/lib/CMSIS/Device/PY32F0xx/Source/gcc/startup_py32f002b.o

.debug_ranges   0x00000000      0x540
 .debug_ranges  0x00000000       0x18 ./build/src/py32f002b_hal_msp.o
 .debug_ranges  0x00000018       0x30 ./build/src/py32f002b_it.o
 .debug_ranges  0x00000048       0x30 ./build/src/main.o
 .debug_ranges  0x00000078       0xa0 ./build/lib/PY32F002B_HAL_Driver/Src/py32f002b_hal_cortex.o
 .debug_ranges  0x00000118      0x230 ./build/lib/PY32F002B_HAL_Driver/Src/py32f002b_hal_i2c.o
 .debug_ranges  0x00000348       0xf8 ./build/lib/PY32F002B_HAL_Driver/Src/py32f002b_hal.o
 .debug_ranges  0x00000440       0x78 ./build/lib/PY32F002B_HAL_Driver/Src/py32f002b_hal_rcc.o
 .debug_ranges  0x000004b8       0x48 ./build/lib/PY32F002B_HAL_Driver/Src/py32f002b_hal_gpio.o
 .debug_ranges  0x00000500       0x20 ./build/lib/CMSIS/Device/PY32F0xx/Source/system_py32f002b.o
 .debug_ranges  0x00000520       0x20 ./build/lib/CMSIS/Device/PY32F0xx/Source/gcc/startup_py32f002b.o

.debug_line     0x00000000     0x5e76
 .debug_line    0x00000000      0x224 ./build/src/py32f002b_hal_msp.o
 .debug_line    0x00000224       0xd5 ./build/src/py32f002b_it.o
 .debug_line    0x000002f9      0x2fd ./build/src/main.o
 .debug_line    0x000005f6      0x52c ./build/lib/PY32F002B_HAL_Driver/Src/py32f002b_hal_cortex.o
 .debug_line    0x00000b22     0x37d0 ./build/lib/PY32F002B_HAL_Driver/Src/py32f002b_hal_i2c.o
 .debug_line    0x000042f2      0x648 ./build/lib/PY32F002B_HAL_Driver/Src/py32f002b_hal.o
 .debug_line    0x0000493a      0xb98 ./build/lib/PY32F002B_HAL_Driver/Src/py32f002b_hal_rcc.o
 .debug_line    0x000054d2      0x669 ./build/lib/PY32F002B_HAL_Driver/Src/py32f002b_hal_gpio.o
 .debug_line    0x00005b3b      0x2a1 ./build/lib/CMSIS/Device/PY32F0xx/Source/system_py32f002b.o
 .debug_line    0x00005ddc       0x9a ./build/lib/CMSIS/Device/PY32F0xx/Source/gcc/startup_py32f002b.o

.debug_str      0x00000000     0x1936
 .debug_str     0x00000000     0x1936 ./build/src/py32f002b_hal_msp.o
                                0x59d (size before relaxing)
 .debug_str     0x00001936      0x1a7 ./build/src/py32f002b_it.o
 .debug_str     0x00001936      0x670 ./build/src/main.o
 .debug_str     0x00001936      0x525 ./build/lib/PY32F002B_HAL_Driver/Src/py32f002b_hal_cortex.o
 .debug_str     0x00001936      0xc22 ./build/lib/PY32F002B_HAL_Driver/Src/py32f002b_hal_i2c.o
 .debug_str     0x00001936      0x76d ./build/lib/PY32F002B_HAL_Driver/Src/py32f002b_hal.o
 .debug_str     0x00001936      0x634 ./build/lib/PY32F002B_HAL_Driver/Src/py32f002b_hal_rcc.o
 .debug_str     0x00001936      0x37d ./build/lib/PY32F002B_HAL_Driver/Src/py32f002b_hal_gpio.o
 .debug_str     0x00001936      0x2d6 ./build/lib/CMSIS/Device/PY32F0xx/Source/system_py32f002b.o
 .debug_str     0x00001936       0x7b ./build/lib/CMSIS/Device/PY32F0xx/Source/gcc/startup_py32f002b.o

.comment        0x00000000       0x45
 .comment       0x00000000       0x45 ./build/src/py32f002b_hal_msp.o
                                 0x46 (size before relaxing)
 .comment       0x00000045       0x46 ./build/src/py32f002b_it.o
 .comment       0x00000045       0x46 ./build/src/main.o
 .comment       0x00000045       0x46 ./build/lib/PY32F002B_HAL_Driver/Src/py32f002b_hal_cortex.o
 .comment       0x00000045       0x46 ./build/lib/PY32F002B_HAL_Driver/Src/py32f002b_hal_i2c.o
 .comment       0x00000045       0x46 ./build/lib/PY32F002B_HAL_Driver/Src/py32f002b_hal.o
 .comment       0x00000045       0x46 ./build/lib/PY32F002B_HAL_Driver/Src/py32f002b_hal_rcc.o
 .comment       0x00000045       0x46 ./build/lib/PY32F002B_HAL_Driver/Src/py32f002b_hal_gpio.o
 .comment       0x00000045       0x46 ./build/lib/CMSIS/Device/PY32F0xx/Source/system_py32f002b.o

.debug_line_str
                0x00000000       0xd2
 .debug_line_str
                0x00000000       0xd2 /opt/homebrew/Cellar/arm-none-eabi-gcc/13.3-2024.7/gcc/bin/../lib/gcc/arm-none-eabi/13.3.1/thumb/v6-m/nofp/libgcc.a(_udivsi3.o)
 .debug_line_str
                0x000000d2       0xd2 /opt/homebrew/Cellar/arm-none-eabi-gcc/13.3-2024.7/gcc/bin/../lib/gcc/arm-none-eabi/13.3.1/thumb/v6-m/nofp/libgcc.a(_dvmd_tls.o)
